18:05:41 **** Incremental Build of configuration Debug for project slime ****
make pre-build main-build 
a9-linaro-pre-build-step
' '
make: Ingenting at gøre for 'main-build'.
18:06:00 **** Auto Build of configuration Debug for project slime ****
make pre-build main-build 
a9-linaro-pre-build-step
' '
'Building file: ../src/display_demo.c'
'Invoking: ARM v7 gcc compiler'
arm-none-eabi-gcc -Wall -O0 -g3 -c -fmessage-length=0 -MT"src/display_demo.o" -mcpu=cortex-a9 -mfpu=vfpv3 -mfloat-abi=hard -I../../slime_bsp/ps7_cortexa9_0/include -MMD -MP -MF"src/display_demo.d" -MT"src/display_demo.o" -o "src/display_demo.o" "../src/display_demo.c"
In file included from ../../slime_bsp/ps7_cortexa9_0/include/xaxivdma.h:319:0,
                 from ../src/display_ctrl/display_ctrl.h:56,
                 from ../src/display_demo.c:27:
../src/display_demo.c: In function 'initializeDrivers':
../../slime_bsp/ps7_cortexa9_0/include/xstatus.h:65:41: warning: 'return' with a value, in function returning void
 #define XST_FAILURE                     1L
                                         ^
../src/display_demo.c:394:38: note: in expansion of macro 'XST_FAILURE'
     if(status != XST_SUCCESS) return XST_FAILURE;
                                      ^~~~~~~~~~~
../src/display_demo.c:388:6: note: declared here
 void initializeDrivers()
      ^~~~~~~~~~~~~~~~~
'Finished building: ../src/display_demo.c'
' '
'Building target: slime.elf'
'Invoking: ARM v7 gcc linker'
arm-none-eabi-gcc -mcpu=cortex-a9 -mfpu=vfpv3 -mfloat-abi=hard -Wl,-build-id=none -specs=Xilinx.spec -Wl,-T -Wl,../src/lscript.ld -L../../slime_bsp/ps7_cortexa9_0/lib -o "slime.elf"  ./src/timer_ps/timer_ps.o  ./src/dynclk/dynclk.o  ./src/display_ctrl/display_ctrl.o  ./src/display_demo.o   -Wl,--start-group,-lxil,-lgcc,-lc,--end-group
'Finished building target: slime.elf'
' '
'Invoking: ARM v7 Print Size'
arm-none-eabi-size slime.elf  |tee "slime.elf.size"
   text	   data	    bss	    dec	    hex	filename
  63976	   1400	24908704	24974080	17d1300	slime.elf
'Finished building: slime.elf.size'
' '
18:06:09 **** Auto Build of configuration Debug for project slime ****
make pre-build main-build 
a9-linaro-pre-build-step
' '
'Building file: ../src/display_demo.c'
'Invoking: ARM v7 gcc compiler'
arm-none-eabi-gcc -Wall -O0 -g3 -c -fmessage-length=0 -MT"src/display_demo.o" -mcpu=cortex-a9 -mfpu=vfpv3 -mfloat-abi=hard -I../../slime_bsp/ps7_cortexa9_0/include -MMD -MP -MF"src/display_demo.d" -MT"src/display_demo.o" -o "src/display_demo.o" "../src/display_demo.c"
In file included from ../../slime_bsp/ps7_cortexa9_0/include/xaxivdma.h:319:0,
                 from ../src/display_ctrl/display_ctrl.h:56,
                 from ../src/display_demo.c:27:
../src/display_demo.c: In function 'initializeDrivers':
../../slime_bsp/ps7_cortexa9_0/include/xstatus.h:65:41: warning: 'return' with a value, in function returning void
 #define XST_FAILURE                     1L
                                         ^
../src/display_demo.c:394:38: note: in expansion of macro 'XST_FAILURE'
     if(status != XST_SUCCESS) return XST_FAILURE;
                                      ^~~~~~~~~~~
../src/display_demo.c:388:6: note: declared here
 void initializeDrivers()
      ^~~~~~~~~~~~~~~~~
'Finished building: ../src/display_demo.c'
' '
'Building target: slime.elf'
'Invoking: ARM v7 gcc linker'
arm-none-eabi-gcc -mcpu=cortex-a9 -mfpu=vfpv3 -mfloat-abi=hard -Wl,-build-id=none -specs=Xilinx.spec -Wl,-T -Wl,../src/lscript.ld -L../../slime_bsp/ps7_cortexa9_0/lib -o "slime.elf"  ./src/timer_ps/timer_ps.o  ./src/dynclk/dynclk.o  ./src/display_ctrl/display_ctrl.o  ./src/display_demo.o   -Wl,--start-group,-lxil,-lgcc,-lc,--end-group
'Finished building target: slime.elf'
' '
'Invoking: ARM v7 Print Size'
arm-none-eabi-size slime.elf  |tee "slime.elf.size"
   text	   data	    bss	    dec	    hex	filename
  64040	   1400	24908704	24974144	17d1340	slime.elf
'Finished building: slime.elf.size'
' '
18:06:13 **** Incremental Build of configuration Debug for project slime ****
make pre-build main-build 
a9-linaro-pre-build-step
' '
make: Ingenting at gøre for 'main-build'.
18:15:11 **** Auto Build of configuration Debug for project slime ****
make pre-build main-build 
a9-linaro-pre-build-step
' '
'Building file: ../src/display_demo.c'
'Invoking: ARM v7 gcc compiler'
arm-none-eabi-gcc -Wall -O0 -g3 -c -fmessage-length=0 -MT"src/display_demo.o" -mcpu=cortex-a9 -mfpu=vfpv3 -mfloat-abi=hard -I../../slime_bsp/ps7_cortexa9_0/include -MMD -MP -MF"src/display_demo.d" -MT"src/display_demo.o" -o "src/display_demo.o" "../src/display_demo.c"
In file included from ../../slime_bsp/ps7_cortexa9_0/include/xaxivdma.h:319:0,
                 from ../src/display_ctrl/display_ctrl.h:56,
                 from ../src/display_demo.c:27:
../src/display_demo.c: In function 'initializeDrivers':
../../slime_bsp/ps7_cortexa9_0/include/xstatus.h:65:41: warning: 'return' with a value, in function returning void
 #define XST_FAILURE                     1L
                                         ^
../src/display_demo.c:394:38: note: in expansion of macro 'XST_FAILURE'
     if(status != XST_SUCCESS) return XST_FAILURE;
                                      ^~~~~~~~~~~
../src/display_demo.c:388:6: note: declared here
 void initializeDrivers()
      ^~~~~~~~~~~~~~~~~
'Finished building: ../src/display_demo.c'
' '
'Building target: slime.elf'
'Invoking: ARM v7 gcc linker'
arm-none-eabi-gcc -mcpu=cortex-a9 -mfpu=vfpv3 -mfloat-abi=hard -Wl,-build-id=none -specs=Xilinx.spec -Wl,-T -Wl,../src/lscript.ld -L../../slime_bsp/ps7_cortexa9_0/lib -o "slime.elf"  ./src/timer_ps/timer_ps.o  ./src/dynclk/dynclk.o  ./src/display_ctrl/display_ctrl.o  ./src/display_demo.o   -Wl,--start-group,-lxil,-lgcc,-lc,--end-group
'Finished building target: slime.elf'
' '
'Invoking: ARM v7 Print Size'
arm-none-eabi-size slime.elf  |tee "slime.elf.size"
   text	   data	    bss	    dec	    hex	filename
  64040	   1400	24908704	24974144	17d1340	slime.elf
'Finished building: slime.elf.size'
' '
18:15:15 **** Incremental Build of configuration Debug for project slime ****
make pre-build main-build 
a9-linaro-pre-build-step
' '
make: Ingenting at gøre for 'main-build'.
18:15:43 **** Auto Build of configuration Debug for project slime ****
make pre-build main-build 
a9-linaro-pre-build-step
' '
'Building file: ../src/display_demo.c'
'Invoking: ARM v7 gcc compiler'
arm-none-eabi-gcc -Wall -O0 -g3 -c -fmessage-length=0 -MT"src/display_demo.o" -mcpu=cortex-a9 -mfpu=vfpv3 -mfloat-abi=hard -I../../slime_bsp/ps7_cortexa9_0/include -MMD -MP -MF"src/display_demo.d" -MT"src/display_demo.o" -o "src/display_demo.o" "../src/display_demo.c"
In file included from ../../slime_bsp/ps7_cortexa9_0/include/xaxivdma.h:319:0,
                 from ../src/display_ctrl/display_ctrl.h:56,
                 from ../src/display_demo.c:27:
../src/display_demo.c: In function 'initializeDrivers':
../../slime_bsp/ps7_cortexa9_0/include/xstatus.h:65:41: warning: 'return' with a value, in function returning void
 #define XST_FAILURE                     1L
                                         ^
../src/display_demo.c:394:38: note: in expansion of macro 'XST_FAILURE'
     if(status != XST_SUCCESS) return XST_FAILURE;
                                      ^~~~~~~~~~~
../src/display_demo.c:388:6: note: declared here
 void initializeDrivers()
      ^~~~~~~~~~~~~~~~~
'Finished building: ../src/display_demo.c'
' '
'Building target: slime.elf'
'Invoking: ARM v7 gcc linker'
arm-none-eabi-gcc -mcpu=cortex-a9 -mfpu=vfpv3 -mfloat-abi=hard -Wl,-build-id=none -specs=Xilinx.spec -Wl,-T -Wl,../src/lscript.ld -L../../slime_bsp/ps7_cortexa9_0/lib -o "slime.elf"  ./src/timer_ps/timer_ps.o  ./src/dynclk/dynclk.o  ./src/display_ctrl/display_ctrl.o  ./src/display_demo.o   -Wl,--start-group,-lxil,-lgcc,-lc,--end-group
'Finished building target: slime.elf'
' '
'Invoking: ARM v7 Print Size'
arm-none-eabi-size slime.elf  |tee "slime.elf.size"
   text	   data	    bss	    dec	    hex	filename
  64040	   1400	24908704	24974144	17d1340	slime.elf
'Finished building: slime.elf.size'
' '
18:15:48 **** Incremental Build of configuration Debug for project slime ****
make pre-build main-build 
a9-linaro-pre-build-step
' '
make: Ingenting at gøre for 'main-build'.
18:16:07 **** Auto Build of configuration Debug for project slime ****
make pre-build main-build 
a9-linaro-pre-build-step
' '
'Building file: ../src/display_demo.c'
'Invoking: ARM v7 gcc compiler'
arm-none-eabi-gcc -Wall -O0 -g3 -c -fmessage-length=0 -MT"src/display_demo.o" -mcpu=cortex-a9 -mfpu=vfpv3 -mfloat-abi=hard -I../../slime_bsp/ps7_cortexa9_0/include -MMD -MP -MF"src/display_demo.d" -MT"src/display_demo.o" -o "src/display_demo.o" "../src/display_demo.c"
In file included from ../../slime_bsp/ps7_cortexa9_0/include/xaxivdma.h:319:0,
                 from ../src/display_ctrl/display_ctrl.h:56,
                 from ../src/display_demo.c:27:
../src/display_demo.c: In function 'initializeDrivers':
../../slime_bsp/ps7_cortexa9_0/include/xstatus.h:65:41: warning: 'return' with a value, in function returning void
 #define XST_FAILURE                     1L
                                         ^
../src/display_demo.c:394:38: note: in expansion of macro 'XST_FAILURE'
     if(status != XST_SUCCESS) return XST_FAILURE;
                                      ^~~~~~~~~~~
../src/display_demo.c:388:6: note: declared here
 void initializeDrivers()
      ^~~~~~~~~~~~~~~~~
'Finished building: ../src/display_demo.c'
' '
'Building target: slime.elf'
'Invoking: ARM v7 gcc linker'
arm-none-eabi-gcc -mcpu=cortex-a9 -mfpu=vfpv3 -mfloat-abi=hard -Wl,-build-id=none -specs=Xilinx.spec -Wl,-T -Wl,../src/lscript.ld -L../../slime_bsp/ps7_cortexa9_0/lib -o "slime.elf"  ./src/timer_ps/timer_ps.o  ./src/dynclk/dynclk.o  ./src/display_ctrl/display_ctrl.o  ./src/display_demo.o   -Wl,--start-group,-lxil,-lgcc,-lc,--end-group
'Finished building target: slime.elf'
' '
'Invoking: ARM v7 Print Size'
arm-none-eabi-size slime.elf  |tee "slime.elf.size"
   text	   data	    bss	    dec	    hex	filename
  64040	   1400	24908704	24974144	17d1340	slime.elf
'Finished building: slime.elf.size'
' '
18:16:13 **** Incremental Build of configuration Debug for project slime ****
make pre-build main-build 
a9-linaro-pre-build-step
' '
make: Ingenting at gøre for 'main-build'.
18:16:40 **** Auto Build of configuration Debug for project slime ****
make pre-build main-build 
a9-linaro-pre-build-step
' '
'Building file: ../src/display_demo.c'
'Invoking: ARM v7 gcc compiler'
arm-none-eabi-gcc -Wall -O0 -g3 -c -fmessage-length=0 -MT"src/display_demo.o" -mcpu=cortex-a9 -mfpu=vfpv3 -mfloat-abi=hard -I../../slime_bsp/ps7_cortexa9_0/include -MMD -MP -MF"src/display_demo.d" -MT"src/display_demo.o" -o "src/display_demo.o" "../src/display_demo.c"
In file included from ../../slime_bsp/ps7_cortexa9_0/include/xaxivdma.h:319:0,
                 from ../src/display_ctrl/display_ctrl.h:56,
                 from ../src/display_demo.c:27:
../src/display_demo.c: In function 'initializeDrivers':
../../slime_bsp/ps7_cortexa9_0/include/xstatus.h:65:41: warning: 'return' with a value, in function returning void
 #define XST_FAILURE                     1L
                                         ^
../src/display_demo.c:394:38: note: in expansion of macro 'XST_FAILURE'
     if(status != XST_SUCCESS) return XST_FAILURE;
                                      ^~~~~~~~~~~
../src/display_demo.c:388:6: note: declared here
 void initializeDrivers()
      ^~~~~~~~~~~~~~~~~
'Finished building: ../src/display_demo.c'
' '
'Building target: slime.elf'
'Invoking: ARM v7 gcc linker'
arm-none-eabi-gcc -mcpu=cortex-a9 -mfpu=vfpv3 -mfloat-abi=hard -Wl,-build-id=none -specs=Xilinx.spec -Wl,-T -Wl,../src/lscript.ld -L../../slime_bsp/ps7_cortexa9_0/lib -o "slime.elf"  ./src/timer_ps/timer_ps.o  ./src/dynclk/dynclk.o  ./src/display_ctrl/display_ctrl.o  ./src/display_demo.o   -Wl,--start-group,-lxil,-lgcc,-lc,--end-group
'Finished building target: slime.elf'
' '
'Invoking: ARM v7 Print Size'
arm-none-eabi-size slime.elf  |tee "slime.elf.size"
   text	   data	    bss	    dec	    hex	filename
  64040	   1400	24908704	24974144	17d1340	slime.elf
'Finished building: slime.elf.size'
' '
18:16:49 **** Incremental Build of configuration Debug for project slime ****
make pre-build main-build 
a9-linaro-pre-build-step
' '
make: Ingenting at gøre for 'main-build'.
18:17:30 **** Auto Build of configuration Debug for project slime ****
make pre-build main-build 
a9-linaro-pre-build-step
' '
'Building file: ../src/display_demo.c'
'Invoking: ARM v7 gcc compiler'
arm-none-eabi-gcc -Wall -O0 -g3 -c -fmessage-length=0 -MT"src/display_demo.o" -mcpu=cortex-a9 -mfpu=vfpv3 -mfloat-abi=hard -I../../slime_bsp/ps7_cortexa9_0/include -MMD -MP -MF"src/display_demo.d" -MT"src/display_demo.o" -o "src/display_demo.o" "../src/display_demo.c"
In file included from ../../slime_bsp/ps7_cortexa9_0/include/xaxivdma.h:319:0,
                 from ../src/display_ctrl/display_ctrl.h:56,
                 from ../src/display_demo.c:27:
../src/display_demo.c: In function 'initializeDrivers':
../../slime_bsp/ps7_cortexa9_0/include/xstatus.h:65:41: warning: 'return' with a value, in function returning void
 #define XST_FAILURE                     1L
                                         ^
../src/display_demo.c:394:38: note: in expansion of macro 'XST_FAILURE'
     if(status != XST_SUCCESS) return XST_FAILURE;
                                      ^~~~~~~~~~~
../src/display_demo.c:388:6: note: declared here
 void initializeDrivers()
      ^~~~~~~~~~~~~~~~~
'Finished building: ../src/display_demo.c'
' '
'Building target: slime.elf'
'Invoking: ARM v7 gcc linker'
arm-none-eabi-gcc -mcpu=cortex-a9 -mfpu=vfpv3 -mfloat-abi=hard -Wl,-build-id=none -specs=Xilinx.spec -Wl,-T -Wl,../src/lscript.ld -L../../slime_bsp/ps7_cortexa9_0/lib -o "slime.elf"  ./src/timer_ps/timer_ps.o  ./src/dynclk/dynclk.o  ./src/display_ctrl/display_ctrl.o  ./src/display_demo.o   -Wl,--start-group,-lxil,-lgcc,-lc,--end-group
'Finished building target: slime.elf'
' '
'Invoking: ARM v7 Print Size'
arm-none-eabi-size slime.elf  |tee "slime.elf.size"
   text	   data	    bss	    dec	    hex	filename
  64040	   1400	24908704	24974144	17d1340	slime.elf
'Finished building: slime.elf.size'
' '
18:17:35 **** Incremental Build of configuration Debug for project slime ****
make pre-build main-build 
a9-linaro-pre-build-step
' '
make: Ingenting at gøre for 'main-build'.
18:19:44 **** Auto Build of configuration Debug for project slime ****
make pre-build main-build 
a9-linaro-pre-build-step
' '
'Building file: ../src/display_demo.c'
'Invoking: ARM v7 gcc compiler'
arm-none-eabi-gcc -Wall -O0 -g3 -c -fmessage-length=0 -MT"src/display_demo.o" -mcpu=cortex-a9 -mfpu=vfpv3 -mfloat-abi=hard -I../../slime_bsp/ps7_cortexa9_0/include -MMD -MP -MF"src/display_demo.d" -MT"src/display_demo.o" -o "src/display_demo.o" "../src/display_demo.c"
In file included from ../../slime_bsp/ps7_cortexa9_0/include/xaxivdma.h:319:0,
                 from ../src/display_ctrl/display_ctrl.h:56,
                 from ../src/display_demo.c:27:
../src/display_demo.c: In function 'initializeDrivers':
../../slime_bsp/ps7_cortexa9_0/include/xstatus.h:65:41: warning: 'return' with a value, in function returning void
 #define XST_FAILURE                     1L
                                         ^
../src/display_demo.c:395:38: note: in expansion of macro 'XST_FAILURE'
     if(status != XST_SUCCESS) return XST_FAILURE;
                                      ^~~~~~~~~~~
../src/display_demo.c:389:6: note: declared here
 void initializeDrivers()
      ^~~~~~~~~~~~~~~~~
'Finished building: ../src/display_demo.c'
' '
'Building target: slime.elf'
'Invoking: ARM v7 gcc linker'
arm-none-eabi-gcc -mcpu=cortex-a9 -mfpu=vfpv3 -mfloat-abi=hard -Wl,-build-id=none -specs=Xilinx.spec -Wl,-T -Wl,../src/lscript.ld -L../../slime_bsp/ps7_cortexa9_0/lib -o "slime.elf"  ./src/timer_ps/timer_ps.o  ./src/dynclk/dynclk.o  ./src/display_ctrl/display_ctrl.o  ./src/display_demo.o   -Wl,--start-group,-lxil,-lgcc,-lc,--end-group
'Finished building target: slime.elf'
' '
'Invoking: ARM v7 Print Size'
arm-none-eabi-size slime.elf  |tee "slime.elf.size"
   text	   data	    bss	    dec	    hex	filename
  64104	   1400	24908704	24974208	17d1380	slime.elf
'Finished building: slime.elf.size'
' '
18:19:49 **** Incremental Build of configuration Debug for project slime ****
make pre-build main-build 
a9-linaro-pre-build-step
' '
make: Ingenting at gøre for 'main-build'.
18:20:20 **** Auto Build of configuration Debug for project slime ****
make pre-build main-build 
a9-linaro-pre-build-step
' '
'Building file: ../src/display_demo.c'
'Invoking: ARM v7 gcc compiler'
arm-none-eabi-gcc -Wall -O0 -g3 -c -fmessage-length=0 -MT"src/display_demo.o" -mcpu=cortex-a9 -mfpu=vfpv3 -mfloat-abi=hard -I../../slime_bsp/ps7_cortexa9_0/include -MMD -MP -MF"src/display_demo.d" -MT"src/display_demo.o" -o "src/display_demo.o" "../src/display_demo.c"
In file included from ../../slime_bsp/ps7_cortexa9_0/include/xaxivdma.h:319:0,
                 from ../src/display_ctrl/display_ctrl.h:56,
                 from ../src/display_demo.c:27:
../src/display_demo.c: In function 'initializeDrivers':
../../slime_bsp/ps7_cortexa9_0/include/xstatus.h:65:41: warning: 'return' with a value, in function returning void
 #define XST_FAILURE                     1L
                                         ^
../src/display_demo.c:395:38: note: in expansion of macro 'XST_FAILURE'
     if(status != XST_SUCCESS) return XST_FAILURE;
                                      ^~~~~~~~~~~
../src/display_demo.c:389:6: note: declared here
 void initializeDrivers()
      ^~~~~~~~~~~~~~~~~
'Finished building: ../src/display_demo.c'
' '
'Building target: slime.elf'
'Invoking: ARM v7 gcc linker'
arm-none-eabi-gcc -mcpu=cortex-a9 -mfpu=vfpv3 -mfloat-abi=hard -Wl,-build-id=none -specs=Xilinx.spec -Wl,-T -Wl,../src/lscript.ld -L../../slime_bsp/ps7_cortexa9_0/lib -o "slime.elf"  ./src/timer_ps/timer_ps.o  ./src/dynclk/dynclk.o  ./src/display_ctrl/display_ctrl.o  ./src/display_demo.o   -Wl,--start-group,-lxil,-lgcc,-lc,--end-group
'Finished building target: slime.elf'
' '
'Invoking: ARM v7 Print Size'
arm-none-eabi-size slime.elf  |tee "slime.elf.size"
   text	   data	    bss	    dec	    hex	filename
  64104	   1400	24908704	24974208	17d1380	slime.elf
'Finished building: slime.elf.size'
' '
18:20:27 **** Incremental Build of configuration Debug for project slime ****
make pre-build main-build 
a9-linaro-pre-build-step
' '
make: Ingenting at gøre for 'main-build'.
18:22:56 **** Auto Build of configuration Debug for project slime ****
make pre-build main-build 
a9-linaro-pre-build-step
' '
'Building file: ../src/display_demo.c'
'Invoking: ARM v7 gcc compiler'
arm-none-eabi-gcc -Wall -O0 -g3 -c -fmessage-length=0 -MT"src/display_demo.o" -mcpu=cortex-a9 -mfpu=vfpv3 -mfloat-abi=hard -I../../slime_bsp/ps7_cortexa9_0/include -MMD -MP -MF"src/display_demo.d" -MT"src/display_demo.o" -o "src/display_demo.o" "../src/display_demo.c"
../src/display_demo.c:288:5: error: redefinition of 'jumpPlayerOne'
 u32 jumpPlayerOne(u8 *frame, u32 stride, int jumpHeight){
     ^~~~~~~~~~~~~
../src/display_demo.c:265:5: note: previous definition of 'jumpPlayerOne' was here
 u32 jumpPlayerOne(u8 *frame, u32 stride, int jumpHeight){
     ^~~~~~~~~~~~~
../src/display_demo.c: In function 'jumpPlayerOne':
../src/display_demo.c:294:4: warning: implicit declaration of function 'movePlayerTwoUp'; did you mean 'movePlayerOneUp'? [-Wimplicit-function-declaration]
    movePlayerTwoUp(playerTwo.position, pFrames[dispCtrl.curFrame], dispCtrl.vMode.width, dispCtrl.vMode.height, DEMO_STRIDE, i);
    ^~~~~~~~~~~~~~~
    movePlayerOneUp
../src/display_demo.c:303:4: warning: implicit declaration of function 'movePlayerTwoDown'; did you mean 'movePlayerOneDown'? [-Wimplicit-function-declaration]
    movePlayerTwoDown(playerTwo.position, pFrames[dispCtrl.curFrame], dispCtrl.vMode.width, dispCtrl.vMode.height, DEMO_STRIDE, i);
    ^~~~~~~~~~~~~~~~~
    movePlayerOneDown
In file included from ../../slime_bsp/ps7_cortexa9_0/include/xaxivdma.h:319:0,
                 from ../src/display_ctrl/display_ctrl.h:56,
                 from ../src/display_demo.c:27:
../src/display_demo.c: In function 'initializeDrivers':
../../slime_bsp/ps7_cortexa9_0/include/xstatus.h:65:41: warning: 'return' with a value, in function returning void
 #define XST_FAILURE                     1L
                                         ^
../src/display_demo.c:379:38: note: in expansion of macro 'XST_FAILURE'
     if(status != XST_SUCCESS) return XST_FAILURE;
                                      ^~~~~~~~~~~
../src/display_demo.c:373:6: note: declared here
 void initializeDrivers()
      ^~~~~~~~~~~~~~~~~
make: *** [src/display_demo.o] Fejl 1
18:23:15 **** Auto Build of configuration Debug for project slime ****
make pre-build main-build 
a9-linaro-pre-build-step
' '
'Building file: ../src/display_demo.c'
'Invoking: ARM v7 gcc compiler'
arm-none-eabi-gcc -Wall -O0 -g3 -c -fmessage-length=0 -MT"src/display_demo.o" -mcpu=cortex-a9 -mfpu=vfpv3 -mfloat-abi=hard -I../../slime_bsp/ps7_cortexa9_0/include -MMD -MP -MF"src/display_demo.d" -MT"src/display_demo.o" -o "src/display_demo.o" "../src/display_demo.c"
../src/display_demo.c:288:5: error: conflicting types for 'jumpPlayerTwo'
 u32 jumpPlayerTwo(u8 *frame, u32 stride, int jumpHeight){
     ^~~~~~~~~~~~~
../src/display_demo.c:133:5: note: previous declaration of 'jumpPlayerTwo' was here
 u32 jumpPlayerTwo(u32 startPixelAddr, u8 *frame, u32 width, u32 height, u32 stride, int jumpHeight);
     ^~~~~~~~~~~~~
../src/display_demo.c: In function 'jumpPlayerTwo':
../src/display_demo.c:294:4: warning: implicit declaration of function 'movePlayerTwoUp'; did you mean 'movePlayerOneUp'? [-Wimplicit-function-declaration]
    movePlayerTwoUp(playerTwo.position, pFrames[dispCtrl.curFrame], dispCtrl.vMode.width, dispCtrl.vMode.height, DEMO_STRIDE, i);
    ^~~~~~~~~~~~~~~
    movePlayerOneUp
../src/display_demo.c:303:4: warning: implicit declaration of function 'movePlayerTwoDown'; did you mean 'movePlayerOneDown'? [-Wimplicit-function-declaration]
    movePlayerTwoDown(playerTwo.position, pFrames[dispCtrl.curFrame], dispCtrl.vMode.width, dispCtrl.vMode.height, DEMO_STRIDE, i);
    ^~~~~~~~~~~~~~~~~
    movePlayerOneDown
In file included from ../../slime_bsp/ps7_cortexa9_0/include/xaxivdma.h:319:0,
                 from ../src/display_ctrl/display_ctrl.h:56,
                 from ../src/display_demo.c:27:
../src/display_demo.c: In function 'initializeDrivers':
../../slime_bsp/ps7_cortexa9_0/include/xstatus.h:65:41: warning: 'return' with a value, in function returning void
 #define XST_FAILURE                     1L
                                         ^
../src/display_demo.c:379:38: note: in expansion of macro 'XST_FAILURE'
     if(status != XST_SUCCESS) return XST_FAILURE;
                                      ^~~~~~~~~~~
../src/display_demo.c:373:6: note: declared here
 void initializeDrivers()
      ^~~~~~~~~~~~~~~~~
make: *** [src/display_demo.o] Fejl 1
18:23:33 **** Auto Build of configuration Debug for project slime ****
make pre-build main-build 
a9-linaro-pre-build-step
' '
'Building file: ../src/display_demo.c'
'Invoking: ARM v7 gcc compiler'
arm-none-eabi-gcc -Wall -O0 -g3 -c -fmessage-length=0 -MT"src/display_demo.o" -mcpu=cortex-a9 -mfpu=vfpv3 -mfloat-abi=hard -I../../slime_bsp/ps7_cortexa9_0/include -MMD -MP -MF"src/display_demo.d" -MT"src/display_demo.o" -o "src/display_demo.o" "../src/display_demo.c"
../src/display_demo.c: In function 'jumpPlayerTwo':
../src/display_demo.c:294:4: warning: implicit declaration of function 'movePlayerTwoUp'; did you mean 'movePlayerOneUp'? [-Wimplicit-function-declaration]
    movePlayerTwoUp(playerTwo.position, pFrames[dispCtrl.curFrame], dispCtrl.vMode.width, dispCtrl.vMode.height, DEMO_STRIDE, i);
    ^~~~~~~~~~~~~~~
    movePlayerOneUp
../src/display_demo.c:303:4: warning: implicit declaration of function 'movePlayerTwoDown'; did you mean 'movePlayerOneDown'? [-Wimplicit-function-declaration]
    movePlayerTwoDown(playerTwo.position, pFrames[dispCtrl.curFrame], dispCtrl.vMode.width, dispCtrl.vMode.height, DEMO_STRIDE, i);
    ^~~~~~~~~~~~~~~~~
    movePlayerOneDown
In file included from ../../slime_bsp/ps7_cortexa9_0/include/xaxivdma.h:319:0,
                 from ../src/display_ctrl/display_ctrl.h:56,
                 from ../src/display_demo.c:27:
../src/display_demo.c: In function 'initializeDrivers':
../../slime_bsp/ps7_cortexa9_0/include/xstatus.h:65:41: warning: 'return' with a value, in function returning void
 #define XST_FAILURE                     1L
                                         ^
../src/display_demo.c:379:38: note: in expansion of macro 'XST_FAILURE'
     if(status != XST_SUCCESS) return XST_FAILURE;
                                      ^~~~~~~~~~~
../src/display_demo.c:373:6: note: declared here
 void initializeDrivers()
      ^~~~~~~~~~~~~~~~~
'Finished building: ../src/display_demo.c'
' '
'Building target: slime.elf'
'Invoking: ARM v7 gcc linker'
arm-none-eabi-gcc -mcpu=cortex-a9 -mfpu=vfpv3 -mfloat-abi=hard -Wl,-build-id=none -specs=Xilinx.spec -Wl,-T -Wl,../src/lscript.ld -L../../slime_bsp/ps7_cortexa9_0/lib -o "slime.elf"  ./src/timer_ps/timer_ps.o  ./src/dynclk/dynclk.o  ./src/display_ctrl/display_ctrl.o  ./src/display_demo.o   -Wl,--start-group,-lxil,-lgcc,-lc,--end-group
./src/display_demo.o: In function `jumpPlayerTwo':
C:\Git\slime\hdmi-out.sdk\slime\Debug/../src/display_demo.c:294: undefined reference to `movePlayerTwoUp'
C:\Git\slime\hdmi-out.sdk\slime\Debug/../src/display_demo.c:303: undefined reference to `movePlayerTwoDown'
collect2.exe: error: ld returned 1 exit status
make: *** [slime.elf] Fejl 1
18:26:30 **** Auto Build of configuration Debug for project slime ****
make pre-build main-build 
a9-linaro-pre-build-step
' '
'Building file: ../src/display_demo.c'
'Invoking: ARM v7 gcc compiler'
arm-none-eabi-gcc -Wall -O0 -g3 -c -fmessage-length=0 -MT"src/display_demo.o" -mcpu=cortex-a9 -mfpu=vfpv3 -mfloat-abi=hard -I../../slime_bsp/ps7_cortexa9_0/include -MMD -MP -MF"src/display_demo.d" -MT"src/display_demo.o" -o "src/display_demo.o" "../src/display_demo.c"
../src/display_demo.c: In function 'jumpPlayerTwo':
../src/display_demo.c:294:4: warning: implicit declaration of function 'movePlayerTwoUp'; did you mean 'movePlayerOneUp'? [-Wimplicit-function-declaration]
    movePlayerTwoUp(playerTwo.position, pFrames[dispCtrl.curFrame], dispCtrl.vMode.width, dispCtrl.vMode.height, DEMO_STRIDE, i);
    ^~~~~~~~~~~~~~~
    movePlayerOneUp
../src/display_demo.c:303:4: warning: implicit declaration of function 'movePlayerTwoDown'; did you mean 'movePlayerOneDown'? [-Wimplicit-function-declaration]
    movePlayerTwoDown(playerTwo.position, pFrames[dispCtrl.curFrame], dispCtrl.vMode.width, dispCtrl.vMode.height, DEMO_STRIDE, i);
    ^~~~~~~~~~~~~~~~~
    movePlayerOneDown
In file included from ../../slime_bsp/ps7_cortexa9_0/include/xaxivdma.h:319:0,
                 from ../src/display_ctrl/display_ctrl.h:56,
                 from ../src/display_demo.c:27:
../src/display_demo.c: In function 'initializeDrivers':
../../slime_bsp/ps7_cortexa9_0/include/xstatus.h:65:41: warning: 'return' with a value, in function returning void
 #define XST_FAILURE                     1L
                                         ^
../src/display_demo.c:379:38: note: in expansion of macro 'XST_FAILURE'
     if(status != XST_SUCCESS) return XST_FAILURE;
                                      ^~~~~~~~~~~
../src/display_demo.c:373:6: note: declared here
 void initializeDrivers()
      ^~~~~~~~~~~~~~~~~
../src/display_demo.c: At top level:
../src/display_demo.c:678:5: error: conflicting types for 'movePlayerTwoUp'
 u32 movePlayerTwoUp(u32 startPixelAddr, u8 *frame, u32 width, u32 height, u32 stride, int pixelToMove){
     ^~~~~~~~~~~~~~~
../src/display_demo.c:294:4: note: previous implicit declaration of 'movePlayerTwoUp' was here
    movePlayerTwoUp(playerTwo.position, pFrames[dispCtrl.curFrame], dispCtrl.vMode.width, dispCtrl.vMode.height, DEMO_STRIDE, i);
    ^~~~~~~~~~~~~~~
../src/display_demo.c:715:5: error: conflicting types for 'movePlayerTwoDown'
 u32 movePlayerTwoDown(u32 startPixelAddr, u8 *frame, u32 width, u32 height, u32 stride, int pixelToMove){
     ^~~~~~~~~~~~~~~~~
../src/display_demo.c:303:4: note: previous implicit declaration of 'movePlayerTwoDown' was here
    movePlayerTwoDown(playerTwo.position, pFrames[dispCtrl.curFrame], dispCtrl.vMode.width, dispCtrl.vMode.height, DEMO_STRIDE, i);
    ^~~~~~~~~~~~~~~~~
make: *** [src/display_demo.o] Fejl 1
18:26:45 **** Auto Build of configuration Debug for project slime ****
make pre-build main-build 
a9-linaro-pre-build-step
' '
'Building file: ../src/display_demo.c'
'Invoking: ARM v7 gcc compiler'
arm-none-eabi-gcc -Wall -O0 -g3 -c -fmessage-length=0 -MT"src/display_demo.o" -mcpu=cortex-a9 -mfpu=vfpv3 -mfloat-abi=hard -I../../slime_bsp/ps7_cortexa9_0/include -MMD -MP -MF"src/display_demo.d" -MT"src/display_demo.o" -o "src/display_demo.o" "../src/display_demo.c"
../src/display_demo.c: In function 'jumpPlayerTwo':
../src/display_demo.c:294:4: warning: implicit declaration of function 'movePlayerTwoUp'; did you mean 'movePlayerOneUp'? [-Wimplicit-function-declaration]
    movePlayerTwoUp(playerTwo.position, pFrames[dispCtrl.curFrame], dispCtrl.vMode.width, dispCtrl.vMode.height, DEMO_STRIDE, i);
    ^~~~~~~~~~~~~~~
    movePlayerOneUp
../src/display_demo.c:303:4: warning: implicit declaration of function 'movePlayerTwoDown'; did you mean 'movePlayerOneDown'? [-Wimplicit-function-declaration]
    movePlayerTwoDown(playerTwo.position, pFrames[dispCtrl.curFrame], dispCtrl.vMode.width, dispCtrl.vMode.height, DEMO_STRIDE, i);
    ^~~~~~~~~~~~~~~~~
    movePlayerOneDown
In file included from ../../slime_bsp/ps7_cortexa9_0/include/xaxivdma.h:319:0,
                 from ../src/display_ctrl/display_ctrl.h:56,
                 from ../src/display_demo.c:27:
../src/display_demo.c: In function 'initializeDrivers':
../../slime_bsp/ps7_cortexa9_0/include/xstatus.h:65:41: warning: 'return' with a value, in function returning void
 #define XST_FAILURE                     1L
                                         ^
../src/display_demo.c:379:38: note: in expansion of macro 'XST_FAILURE'
     if(status != XST_SUCCESS) return XST_FAILURE;
                                      ^~~~~~~~~~~
../src/display_demo.c:373:6: note: declared here
 void initializeDrivers()
      ^~~~~~~~~~~~~~~~~
../src/display_demo.c: At top level:
../src/display_demo.c:678:5: error: conflicting types for 'movePlayerTwoUp'
 u32 movePlayerTwoUp(u32 startPixelAddr, u8 *frame, u32 width, u32 height, u32 stride, int pixelToMove){
     ^~~~~~~~~~~~~~~
../src/display_demo.c:294:4: note: previous implicit declaration of 'movePlayerTwoUp' was here
    movePlayerTwoUp(playerTwo.position, pFrames[dispCtrl.curFrame], dispCtrl.vMode.width, dispCtrl.vMode.height, DEMO_STRIDE, i);
    ^~~~~~~~~~~~~~~
../src/display_demo.c:715:5: error: conflicting types for 'movePlayerTwoDown'
 u32 movePlayerTwoDown(u8 *frame, u32 stride, int pixelToMove){
     ^~~~~~~~~~~~~~~~~
../src/display_demo.c:303:4: note: previous implicit declaration of 'movePlayerTwoDown' was here
    movePlayerTwoDown(playerTwo.position, pFrames[dispCtrl.curFrame], dispCtrl.vMode.width, dispCtrl.vMode.height, DEMO_STRIDE, i);
    ^~~~~~~~~~~~~~~~~
make: *** [src/display_demo.o] Fejl 1
18:26:59 **** Auto Build of configuration Debug for project slime ****
make pre-build main-build 
a9-linaro-pre-build-step
' '
'Building file: ../src/display_demo.c'
'Invoking: ARM v7 gcc compiler'
arm-none-eabi-gcc -Wall -O0 -g3 -c -fmessage-length=0 -MT"src/display_demo.o" -mcpu=cortex-a9 -mfpu=vfpv3 -mfloat-abi=hard -I../../slime_bsp/ps7_cortexa9_0/include -MMD -MP -MF"src/display_demo.d" -MT"src/display_demo.o" -o "src/display_demo.o" "../src/display_demo.c"
../src/display_demo.c: In function 'jumpPlayerTwo':
../src/display_demo.c:294:4: warning: implicit declaration of function 'movePlayerTwoUp'; did you mean 'movePlayerOneUp'? [-Wimplicit-function-declaration]
    movePlayerTwoUp(playerTwo.position, pFrames[dispCtrl.curFrame], dispCtrl.vMode.width, dispCtrl.vMode.height, DEMO_STRIDE, i);
    ^~~~~~~~~~~~~~~
    movePlayerOneUp
../src/display_demo.c:303:4: warning: implicit declaration of function 'movePlayerTwoDown'; did you mean 'movePlayerOneDown'? [-Wimplicit-function-declaration]
    movePlayerTwoDown(playerTwo.position, pFrames[dispCtrl.curFrame], dispCtrl.vMode.width, dispCtrl.vMode.height, DEMO_STRIDE, i);
    ^~~~~~~~~~~~~~~~~
    movePlayerOneDown
In file included from ../../slime_bsp/ps7_cortexa9_0/include/xaxivdma.h:319:0,
                 from ../src/display_ctrl/display_ctrl.h:56,
                 from ../src/display_demo.c:27:
../src/display_demo.c: In function 'initializeDrivers':
../../slime_bsp/ps7_cortexa9_0/include/xstatus.h:65:41: warning: 'return' with a value, in function returning void
 #define XST_FAILURE                     1L
                                         ^
../src/display_demo.c:379:38: note: in expansion of macro 'XST_FAILURE'
     if(status != XST_SUCCESS) return XST_FAILURE;
                                      ^~~~~~~~~~~
../src/display_demo.c:373:6: note: declared here
 void initializeDrivers()
      ^~~~~~~~~~~~~~~~~
../src/display_demo.c: At top level:
../src/display_demo.c:678:5: error: conflicting types for 'movePlayerTwoUp'
 u32 movePlayerTwoUp(u8 *frame, u32 stride, int pixelToMove){
     ^~~~~~~~~~~~~~~
../src/display_demo.c:294:4: note: previous implicit declaration of 'movePlayerTwoUp' was here
    movePlayerTwoUp(playerTwo.position, pFrames[dispCtrl.curFrame], dispCtrl.vMode.width, dispCtrl.vMode.height, DEMO_STRIDE, i);
    ^~~~~~~~~~~~~~~
../src/display_demo.c:715:5: error: conflicting types for 'movePlayerTwoDown'
 u32 movePlayerTwoDown(u8 *frame, u32 stride, int pixelToMove){
     ^~~~~~~~~~~~~~~~~
../src/display_demo.c:303:4: note: previous implicit declaration of 'movePlayerTwoDown' was here
    movePlayerTwoDown(playerTwo.position, pFrames[dispCtrl.curFrame], dispCtrl.vMode.width, dispCtrl.vMode.height, DEMO_STRIDE, i);
    ^~~~~~~~~~~~~~~~~
make: *** [src/display_demo.o] Fejl 1
18:27:36 **** Auto Build of configuration Debug for project slime ****
make pre-build main-build 
a9-linaro-pre-build-step
' '
'Building file: ../src/display_demo.c'
'Invoking: ARM v7 gcc compiler'
arm-none-eabi-gcc -Wall -O0 -g3 -c -fmessage-length=0 -MT"src/display_demo.o" -mcpu=cortex-a9 -mfpu=vfpv3 -mfloat-abi=hard -I../../slime_bsp/ps7_cortexa9_0/include -MMD -MP -MF"src/display_demo.d" -MT"src/display_demo.o" -o "src/display_demo.o" "../src/display_demo.c"
../src/display_demo.c: In function 'jumpPlayerTwo':
../src/display_demo.c:294:4: warning: implicit declaration of function 'movePlayerTwoUp'; did you mean 'movePlayerOneUp'? [-Wimplicit-function-declaration]
    movePlayerTwoUp(pFrames[dispCtrl.curFrame], DEMO_STRIDE, i);
    ^~~~~~~~~~~~~~~
    movePlayerOneUp
../src/display_demo.c:303:4: warning: implicit declaration of function 'movePlayerTwoDown'; did you mean 'movePlayerOneDown'? [-Wimplicit-function-declaration]
    movePlayerTwoDown(pFrames[dispCtrl.curFrame], DEMO_STRIDE, i);
    ^~~~~~~~~~~~~~~~~
    movePlayerOneDown
In file included from ../../slime_bsp/ps7_cortexa9_0/include/xaxivdma.h:319:0,
                 from ../src/display_ctrl/display_ctrl.h:56,
                 from ../src/display_demo.c:27:
../src/display_demo.c: In function 'initializeDrivers':
../../slime_bsp/ps7_cortexa9_0/include/xstatus.h:65:41: warning: 'return' with a value, in function returning void
 #define XST_FAILURE                     1L
                                         ^
../src/display_demo.c:379:38: note: in expansion of macro 'XST_FAILURE'
     if(status != XST_SUCCESS) return XST_FAILURE;
                                      ^~~~~~~~~~~
../src/display_demo.c:373:6: note: declared here
 void initializeDrivers()
      ^~~~~~~~~~~~~~~~~
../src/display_demo.c: At top level:
../src/display_demo.c:678:5: error: conflicting types for 'movePlayerTwoUp'
 u32 movePlayerTwoUp(u8 *frame, u32 stride, int pixelToMove){
     ^~~~~~~~~~~~~~~
../src/display_demo.c:294:4: note: previous implicit declaration of 'movePlayerTwoUp' was here
    movePlayerTwoUp(pFrames[dispCtrl.curFrame], DEMO_STRIDE, i);
    ^~~~~~~~~~~~~~~
../src/display_demo.c:715:5: error: conflicting types for 'movePlayerTwoDown'
 u32 movePlayerTwoDown(u8 *frame, u32 stride, int pixelToMove){
     ^~~~~~~~~~~~~~~~~
../src/display_demo.c:303:4: note: previous implicit declaration of 'movePlayerTwoDown' was here
    movePlayerTwoDown(pFrames[dispCtrl.curFrame], DEMO_STRIDE, i);
    ^~~~~~~~~~~~~~~~~
make: *** [src/display_demo.o] Fejl 1
18:28:19 **** Auto Build of configuration Debug for project slime ****
make pre-build main-build 
a9-linaro-pre-build-step
' '
'Building file: ../src/display_demo.c'
'Invoking: ARM v7 gcc compiler'
arm-none-eabi-gcc -Wall -O0 -g3 -c -fmessage-length=0 -MT"src/display_demo.o" -mcpu=cortex-a9 -mfpu=vfpv3 -mfloat-abi=hard -I../../slime_bsp/ps7_cortexa9_0/include -MMD -MP -MF"src/display_demo.d" -MT"src/display_demo.o" -o "src/display_demo.o" "../src/display_demo.c"
../src/display_demo.c: In function 'movePlayerTwoDown':
../src/display_demo.c:147:1: error: expected '=', ',', ';', 'asm' or '__attribute__' before '{' token
 {
 ^
../src/display_demo.c:161:62: error: expected '=', ',', ';', 'asm' or '__attribute__' before '{' token
 void moveSquare(u8 *frame, u32 width, u32 height, u32 stride){
                                                              ^
../src/display_demo.c:267:57: error: expected '=', ',', ';', 'asm' or '__attribute__' before '{' token
 u32 jumpPlayerOne(u8 *frame, u32 stride, int jumpHeight){
                                                         ^
../src/display_demo.c:290:57: error: expected '=', ',', ';', 'asm' or '__attribute__' before '{' token
 u32 jumpPlayerTwo(u8 *frame, u32 stride, int jumpHeight){
                                                         ^
../src/display_demo.c:317:96: error: expected '=', ',', ';', 'asm' or '__attribute__' before '{' token
 void makeBackground(u8 *frame, u32 width, u32 height, u32 stride, int red, int blue, int green){
                                                                                                ^
../src/display_demo.c:328:46: error: expected '=', ',', ';', 'asm' or '__attribute__' before '{' token
 u32 coordinatSystem(int x, int y, u32 stride){
                                              ^
../src/display_demo.c:337:35: error: expected '=', ',', ';', 'asm' or '__attribute__' before '{' token
 void setResulution(char userInput){
                                   ^
../src/display_demo.c:376:1: error: expected '=', ',', ';', 'asm' or '__attribute__' before '{' token
 {
 ^
../src/display_demo.c:447:84: error: expected '=', ',', ';', 'asm' or '__attribute__' before '{' token
 void graphicArray(u32 startPixelAddr, u8 *frame, u32 width, u32 height, u32 stride){
                                                                                    ^
../src/display_demo.c:488:135: error: expected '=', ',', ';', 'asm' or '__attribute__' before '{' token
 void initPlayerOne(u32 position, u8 *frame, u8 green, u8 blue, u8 red, char leftButton, char rightButton, char jumpButton, u32 stride){
                                                                                                                                       ^
../src/display_demo.c:500:135: error: expected '=', ',', ';', 'asm' or '__attribute__' before '{' token
 void initPlayerTwo(u32 position, u8 *frame, u8 green, u8 blue, u8 red, char leftButton, char rightButton, char jumpButton, u32 stride){
                                                                                                                                       ^
../src/display_demo.c:512:40: error: expected '=', ',', ';', 'asm' or '__attribute__' before '{' token
 void drawPlayers(u8 *frame, u32 stride){
                                        ^
../src/display_demo.c:537:105: error: expected '=', ',', ';', 'asm' or '__attribute__' before '{' token
 u32 movePlayerOneDown(u32 startPixelAddr, u8 *frame, u32 width, u32 height, u32 stride, int pixelToMove){
                                                                                                         ^
../src/display_demo.c:570:105: error: expected '=', ',', ';', 'asm' or '__attribute__' before '{' token
 u32 movePlayerOneLeft(u32 startPixelAddr, u8 *frame, u32 width, u32 height, u32 stride, int pixelToMove){
                                                                                                         ^
../src/display_demo.c:606:103: error: expected '=', ',', ';', 'asm' or '__attribute__' before '{' token
 u32 movePlayerOneUp(u32 startPixelAddr, u8 *frame, u32 width, u32 height, u32 stride, int pixelToMove){
                                                                                                       ^
../src/display_demo.c:645:106: error: expected '=', ',', ';', 'asm' or '__attribute__' before '{' token
 u32 movePlayerOneRight(u32 startPixelAddr, u8 *frame, u32 width, u32 height, u32 stride, int pixelToMove){
                                                                                                          ^
../src/display_demo.c:680:60: error: expected '=', ',', ';', 'asm' or '__attribute__' before '{' token
 u32 movePlayerTwoUp(u8 *frame, u32 stride, int pixelToMove){
                                                            ^
../src/display_demo.c:717:62: error: expected '=', ',', ';', 'asm' or '__attribute__' before '{' token
 u32 movePlayerTwoDown(u8 *frame, u32 stride, int pixelToMove){
                                                              ^
../src/display_demo.c:752:105: error: expected '=', ',', ';', 'asm' or '__attribute__' before '{' token
 u32 movePlayerTwoLeft(u32 startPixelAddr, u8 *frame, u32 width, u32 height, u32 stride, int pixelToMove){
                                                                                                         ^
../src/display_demo.c:785:106: error: expected '=', ',', ';', 'asm' or '__attribute__' before '{' token
 u32 movePlayerTwoRight(u32 startPixelAddr, u8 *frame, u32 width, u32 height, u32 stride, int pixelToMove){
                                                                                                          ^
../src/display_demo.c:127:5: error: old-style parameter declarations in prototyped function definition
 u32 movePlayerTwoDown(u8 *frame, u32 stride, int pixelToMove)
     ^~~~~~~~~~~~~~~~~
../src/display_demo.c:819:1: error: expected '{' at end of input
 }
 ^
../src/display_demo.c:819:1: warning: control reaches end of non-void function [-Wreturn-type]
 }
 ^
make: *** [src/display_demo.o] Fejl 1
18:28:23 **** Auto Build of configuration Debug for project slime ****
make pre-build main-build 
a9-linaro-pre-build-step
' '
'Building file: ../src/display_demo.c'
'Invoking: ARM v7 gcc compiler'
arm-none-eabi-gcc -Wall -O0 -g3 -c -fmessage-length=0 -MT"src/display_demo.o" -mcpu=cortex-a9 -mfpu=vfpv3 -mfloat-abi=hard -I../../slime_bsp/ps7_cortexa9_0/include -MMD -MP -MF"src/display_demo.d" -MT"src/display_demo.o" -o "src/display_demo.o" "../src/display_demo.c"
In file included from ../../slime_bsp/ps7_cortexa9_0/include/xaxivdma.h:319:0,
                 from ../src/display_ctrl/display_ctrl.h:56,
                 from ../src/display_demo.c:27:
../src/display_demo.c: In function 'initializeDrivers':
../../slime_bsp/ps7_cortexa9_0/include/xstatus.h:65:41: warning: 'return' with a value, in function returning void
 #define XST_FAILURE                     1L
                                         ^
../src/display_demo.c:381:38: note: in expansion of macro 'XST_FAILURE'
     if(status != XST_SUCCESS) return XST_FAILURE;
                                      ^~~~~~~~~~~
../src/display_demo.c:375:6: note: declared here
 void initializeDrivers()
      ^~~~~~~~~~~~~~~~~
'Finished building: ../src/display_demo.c'
' '
'Building target: slime.elf'
'Invoking: ARM v7 gcc linker'
arm-none-eabi-gcc -mcpu=cortex-a9 -mfpu=vfpv3 -mfloat-abi=hard -Wl,-build-id=none -specs=Xilinx.spec -Wl,-T -Wl,../src/lscript.ld -L../../slime_bsp/ps7_cortexa9_0/lib -o "slime.elf"  ./src/timer_ps/timer_ps.o  ./src/dynclk/dynclk.o  ./src/display_ctrl/display_ctrl.o  ./src/display_demo.o   -Wl,--start-group,-lxil,-lgcc,-lc,--end-group
'Finished building target: slime.elf'
' '
'Invoking: ARM v7 Print Size'
arm-none-eabi-size slime.elf  |tee "slime.elf.size"
   text	   data	    bss	    dec	    hex	filename
  65384	   1400	24908704	24975488	17d1880	slime.elf
'Finished building: slime.elf.size'
' '
18:28:46 **** Incremental Build of configuration Debug for project slime ****
make pre-build main-build 
a9-linaro-pre-build-step
' '
make: Ingenting at gøre for 'main-build'.
18:29:31 **** Auto Build of configuration Debug for project slime ****
make pre-build main-build 
a9-linaro-pre-build-step
' '
'Building file: ../src/display_demo.c'
'Invoking: ARM v7 gcc compiler'
arm-none-eabi-gcc -Wall -O0 -g3 -c -fmessage-length=0 -MT"src/display_demo.o" -mcpu=cortex-a9 -mfpu=vfpv3 -mfloat-abi=hard -I../../slime_bsp/ps7_cortexa9_0/include -MMD -MP -MF"src/display_demo.d" -MT"src/display_demo.o" -o "src/display_demo.o" "../src/display_demo.c"
In file included from ../../slime_bsp/ps7_cortexa9_0/include/xaxivdma.h:319:0,
                 from ../src/display_ctrl/display_ctrl.h:56,
                 from ../src/display_demo.c:27:
../src/display_demo.c: In function 'initializeDrivers':
../../slime_bsp/ps7_cortexa9_0/include/xstatus.h:65:41: warning: 'return' with a value, in function returning void
 #define XST_FAILURE                     1L
                                         ^
../src/display_demo.c:381:38: note: in expansion of macro 'XST_FAILURE'
     if(status != XST_SUCCESS) return XST_FAILURE;
                                      ^~~~~~~~~~~
../src/display_demo.c:375:6: note: declared here
 void initializeDrivers()
      ^~~~~~~~~~~~~~~~~
'Finished building: ../src/display_demo.c'
' '
'Building target: slime.elf'
'Invoking: ARM v7 gcc linker'
arm-none-eabi-gcc -mcpu=cortex-a9 -mfpu=vfpv3 -mfloat-abi=hard -Wl,-build-id=none -specs=Xilinx.spec -Wl,-T -Wl,../src/lscript.ld -L../../slime_bsp/ps7_cortexa9_0/lib -o "slime.elf"  ./src/timer_ps/timer_ps.o  ./src/dynclk/dynclk.o  ./src/display_ctrl/display_ctrl.o  ./src/display_demo.o   -Wl,--start-group,-lxil,-lgcc,-lc,--end-group
'Finished building target: slime.elf'
' '
'Invoking: ARM v7 Print Size'
arm-none-eabi-size slime.elf  |tee "slime.elf.size"
   text	   data	    bss	    dec	    hex	filename
  65384	   1400	24908704	24975488	17d1880	slime.elf
'Finished building: slime.elf.size'
' '
18:29:39 **** Incremental Build of configuration Debug for project slime ****
make pre-build main-build 
a9-linaro-pre-build-step
' '
make: Ingenting at gøre for 'main-build'.
18:31:19 **** Auto Build of configuration Debug for project slime ****
make pre-build main-build 
a9-linaro-pre-build-step
' '
'Building file: ../src/display_demo.c'
'Invoking: ARM v7 gcc compiler'
arm-none-eabi-gcc -Wall -O0 -g3 -c -fmessage-length=0 -MT"src/display_demo.o" -mcpu=cortex-a9 -mfpu=vfpv3 -mfloat-abi=hard -I../../slime_bsp/ps7_cortexa9_0/include -MMD -MP -MF"src/display_demo.d" -MT"src/display_demo.o" -o "src/display_demo.o" "../src/display_demo.c"
In file included from ../../slime_bsp/ps7_cortexa9_0/include/xaxivdma.h:319:0,
                 from ../src/display_ctrl/display_ctrl.h:56,
                 from ../src/display_demo.c:27:
../src/display_demo.c: In function 'initializeDrivers':
../../slime_bsp/ps7_cortexa9_0/include/xstatus.h:65:41: warning: 'return' with a value, in function returning void
 #define XST_FAILURE                     1L
                                         ^
../src/display_demo.c:356:38: note: in expansion of macro 'XST_FAILURE'
     if(status != XST_SUCCESS) return XST_FAILURE;
                                      ^~~~~~~~~~~
../src/display_demo.c:350:6: note: declared here
 void initializeDrivers()
      ^~~~~~~~~~~~~~~~~
'Finished building: ../src/display_demo.c'
' '
'Building target: slime.elf'
'Invoking: ARM v7 gcc linker'
arm-none-eabi-gcc -mcpu=cortex-a9 -mfpu=vfpv3 -mfloat-abi=hard -Wl,-build-id=none -specs=Xilinx.spec -Wl,-T -Wl,../src/lscript.ld -L../../slime_bsp/ps7_cortexa9_0/lib -o "slime.elf"  ./src/timer_ps/timer_ps.o  ./src/dynclk/dynclk.o  ./src/display_ctrl/display_ctrl.o  ./src/display_demo.o   -Wl,--start-group,-lxil,-lgcc,-lc,--end-group
'Finished building target: slime.elf'
' '
'Invoking: ARM v7 Print Size'
arm-none-eabi-size slime.elf  |tee "slime.elf.size"
   text	   data	    bss	    dec	    hex	filename
  65384	   1400	24908704	24975488	17d1880	slime.elf
'Finished building: slime.elf.size'
' '
18:31:24 **** Incremental Build of configuration Debug for project slime ****
make pre-build main-build 
a9-linaro-pre-build-step
' '
make: Ingenting at gøre for 'main-build'.
18:33:59 **** Auto Build of configuration Debug for project slime ****
make pre-build main-build 
a9-linaro-pre-build-step
' '
'Building file: ../src/display_demo.c'
'Invoking: ARM v7 gcc compiler'
arm-none-eabi-gcc -Wall -O0 -g3 -c -fmessage-length=0 -MT"src/display_demo.o" -mcpu=cortex-a9 -mfpu=vfpv3 -mfloat-abi=hard -I../../slime_bsp/ps7_cortexa9_0/include -MMD -MP -MF"src/display_demo.d" -MT"src/display_demo.o" -o "src/display_demo.o" "../src/display_demo.c"
In file included from ../../slime_bsp/ps7_cortexa9_0/include/xaxivdma.h:319:0,
                 from ../src/display_ctrl/display_ctrl.h:56,
                 from ../src/display_demo.c:27:
../src/display_demo.c: In function 'initializeDrivers':
../../slime_bsp/ps7_cortexa9_0/include/xstatus.h:65:41: warning: 'return' with a value, in function returning void
 #define XST_FAILURE                     1L
                                         ^
../src/display_demo.c:351:38: note: in expansion of macro 'XST_FAILURE'
     if(status != XST_SUCCESS) return XST_FAILURE;
                                      ^~~~~~~~~~~
../src/display_demo.c:345:6: note: declared here
 void initializeDrivers()
      ^~~~~~~~~~~~~~~~~
'Finished building: ../src/display_demo.c'
' '
'Building target: slime.elf'
'Invoking: ARM v7 gcc linker'
arm-none-eabi-gcc -mcpu=cortex-a9 -mfpu=vfpv3 -mfloat-abi=hard -Wl,-build-id=none -specs=Xilinx.spec -Wl,-T -Wl,../src/lscript.ld -L../../slime_bsp/ps7_cortexa9_0/lib -o "slime.elf"  ./src/timer_ps/timer_ps.o  ./src/dynclk/dynclk.o  ./src/display_ctrl/display_ctrl.o  ./src/display_demo.o   -Wl,--start-group,-lxil,-lgcc,-lc,--end-group
'Finished building target: slime.elf'
' '
'Invoking: ARM v7 Print Size'
arm-none-eabi-size slime.elf  |tee "slime.elf.size"
   text	   data	    bss	    dec	    hex	filename
  64936	   1400	24908704	24975040	17d16c0	slime.elf
'Finished building: slime.elf.size'
' '
18:35:25 **** Auto Build of configuration Debug for project slime ****
make pre-build main-build 
a9-linaro-pre-build-step
' '
'Building file: ../src/display_demo.c'
'Invoking: ARM v7 gcc compiler'
arm-none-eabi-gcc -Wall -O0 -g3 -c -fmessage-length=0 -MT"src/display_demo.o" -mcpu=cortex-a9 -mfpu=vfpv3 -mfloat-abi=hard -I../../slime_bsp/ps7_cortexa9_0/include -MMD -MP -MF"src/display_demo.d" -MT"src/display_demo.o" -o "src/display_demo.o" "../src/display_demo.c"
In file included from ../../slime_bsp/ps7_cortexa9_0/include/xaxivdma.h:319:0,
                 from ../src/display_ctrl/display_ctrl.h:56,
                 from ../src/display_demo.c:27:
../src/display_demo.c: In function 'initializeDrivers':
../../slime_bsp/ps7_cortexa9_0/include/xstatus.h:65:41: warning: 'return' with a value, in function returning void
 #define XST_FAILURE                     1L
                                         ^
../src/display_demo.c:348:38: note: in expansion of macro 'XST_FAILURE'
     if(status != XST_SUCCESS) return XST_FAILURE;
                                      ^~~~~~~~~~~
../src/display_demo.c:342:6: note: declared here
 void initializeDrivers()
      ^~~~~~~~~~~~~~~~~
'Finished building: ../src/display_demo.c'
' '
'Building target: slime.elf'
'Invoking: ARM v7 gcc linker'
arm-none-eabi-gcc -mcpu=cortex-a9 -mfpu=vfpv3 -mfloat-abi=hard -Wl,-build-id=none -specs=Xilinx.spec -Wl,-T -Wl,../src/lscript.ld -L../../slime_bsp/ps7_cortexa9_0/lib -o "slime.elf"  ./src/timer_ps/timer_ps.o  ./src/dynclk/dynclk.o  ./src/display_ctrl/display_ctrl.o  ./src/display_demo.o   -Wl,--start-group,-lxil,-lgcc,-lc,--end-group
'Finished building target: slime.elf'
' '
'Invoking: ARM v7 Print Size'
arm-none-eabi-size slime.elf  |tee "slime.elf.size"
   text	   data	    bss	    dec	    hex	filename
  64936	   1400	24908704	24975040	17d16c0	slime.elf
'Finished building: slime.elf.size'
' '
18:35:28 **** Incremental Build of configuration Debug for project slime ****
make pre-build main-build 
a9-linaro-pre-build-step
' '
make: Ingenting at gøre for 'main-build'.
18:51:47 **** Auto Build of configuration Debug for project slime ****
make pre-build main-build 
a9-linaro-pre-build-step
' '
'Building file: ../src/display_demo.c'
'Invoking: ARM v7 gcc compiler'
arm-none-eabi-gcc -Wall -O0 -g3 -c -fmessage-length=0 -MT"src/display_demo.o" -mcpu=cortex-a9 -mfpu=vfpv3 -mfloat-abi=hard -I../../slime_bsp/ps7_cortexa9_0/include -MMD -MP -MF"src/display_demo.d" -MT"src/display_demo.o" -o "src/display_demo.o" "../src/display_demo.c"
In file included from ../../slime_bsp/ps7_cortexa9_0/include/xaxivdma.h:319:0,
                 from ../src/display_ctrl/display_ctrl.h:56,
                 from ../src/display_demo.c:27:
../src/display_demo.c: In function 'initializeDrivers':
../../slime_bsp/ps7_cortexa9_0/include/xstatus.h:65:41: warning: 'return' with a value, in function returning void
 #define XST_FAILURE                     1L
                                         ^
../src/display_demo.c:348:38: note: in expansion of macro 'XST_FAILURE'
     if(status != XST_SUCCESS) return XST_FAILURE;
                                      ^~~~~~~~~~~
../src/display_demo.c:342:6: note: declared here
 void initializeDrivers()
      ^~~~~~~~~~~~~~~~~
'Finished building: ../src/display_demo.c'
' '
'Building target: slime.elf'
'Invoking: ARM v7 gcc linker'
arm-none-eabi-gcc -mcpu=cortex-a9 -mfpu=vfpv3 -mfloat-abi=hard -Wl,-build-id=none -specs=Xilinx.spec -Wl,-T -Wl,../src/lscript.ld -L../../slime_bsp/ps7_cortexa9_0/lib -o "slime.elf"  ./src/timer_ps/timer_ps.o  ./src/dynclk/dynclk.o  ./src/display_ctrl/display_ctrl.o  ./src/display_demo.o   -Wl,--start-group,-lxil,-lgcc,-lc,--end-group
'Finished building target: slime.elf'
' '
'Invoking: ARM v7 Print Size'
arm-none-eabi-size slime.elf  |tee "slime.elf.size"
   text	   data	    bss	    dec	    hex	filename
  65320	   1400	24908704	24975424	17d1840	slime.elf
'Finished building: slime.elf.size'
' '
18:52:43 **** Auto Build of configuration Debug for project slime ****
make pre-build main-build 
a9-linaro-pre-build-step
' '
'Building file: ../src/display_demo.c'
'Invoking: ARM v7 gcc compiler'
arm-none-eabi-gcc -Wall -O0 -g3 -c -fmessage-length=0 -MT"src/display_demo.o" -mcpu=cortex-a9 -mfpu=vfpv3 -mfloat-abi=hard -I../../slime_bsp/ps7_cortexa9_0/include -MMD -MP -MF"src/display_demo.d" -MT"src/display_demo.o" -o "src/display_demo.o" "../src/display_demo.c"
In file included from ../../slime_bsp/ps7_cortexa9_0/include/xaxivdma.h:319:0,
                 from ../src/display_ctrl/display_ctrl.h:56,
                 from ../src/display_demo.c:27:
../src/display_demo.c: In function 'initializeDrivers':
../../slime_bsp/ps7_cortexa9_0/include/xstatus.h:65:41: warning: 'return' with a value, in function returning void
 #define XST_FAILURE                     1L
                                         ^
../src/display_demo.c:348:38: note: in expansion of macro 'XST_FAILURE'
     if(status != XST_SUCCESS) return XST_FAILURE;
                                      ^~~~~~~~~~~
../src/display_demo.c:342:6: note: declared here
 void initializeDrivers()
      ^~~~~~~~~~~~~~~~~
'Finished building: ../src/display_demo.c'
' '
'Building target: slime.elf'
'Invoking: ARM v7 gcc linker'
arm-none-eabi-gcc -mcpu=cortex-a9 -mfpu=vfpv3 -mfloat-abi=hard -Wl,-build-id=none -specs=Xilinx.spec -Wl,-T -Wl,../src/lscript.ld -L../../slime_bsp/ps7_cortexa9_0/lib -o "slime.elf"  ./src/timer_ps/timer_ps.o  ./src/dynclk/dynclk.o  ./src/display_ctrl/display_ctrl.o  ./src/display_demo.o   -Wl,--start-group,-lxil,-lgcc,-lc,--end-group
'Finished building target: slime.elf'
' '
'Invoking: ARM v7 Print Size'
arm-none-eabi-size slime.elf  |tee "slime.elf.size"
   text	   data	    bss	    dec	    hex	filename
  65320	   1400	24908704	24975424	17d1840	slime.elf
'Finished building: slime.elf.size'
' '
18:56:19 **** Auto Build of configuration Debug for project slime ****
make pre-build main-build 
a9-linaro-pre-build-step
' '
'Building file: ../src/display_demo.c'
'Invoking: ARM v7 gcc compiler'
arm-none-eabi-gcc -Wall -O0 -g3 -c -fmessage-length=0 -MT"src/display_demo.o" -mcpu=cortex-a9 -mfpu=vfpv3 -mfloat-abi=hard -I../../slime_bsp/ps7_cortexa9_0/include -MMD -MP -MF"src/display_demo.d" -MT"src/display_demo.o" -o "src/display_demo.o" "../src/display_demo.c"
In file included from ../../slime_bsp/ps7_cortexa9_0/include/xaxivdma.h:319:0,
                 from ../src/display_ctrl/display_ctrl.h:56,
                 from ../src/display_demo.c:27:
../src/display_demo.c: In function 'initializeDrivers':
../../slime_bsp/ps7_cortexa9_0/include/xstatus.h:65:41: warning: 'return' with a value, in function returning void
 #define XST_FAILURE                     1L
                                         ^
../src/display_demo.c:349:38: note: in expansion of macro 'XST_FAILURE'
     if(status != XST_SUCCESS) return XST_FAILURE;
                                      ^~~~~~~~~~~
../src/display_demo.c:343:6: note: declared here
 void initializeDrivers()
      ^~~~~~~~~~~~~~~~~
../src/display_demo.c: In function 'advanceJumpPlayerOne':
../src/display_demo.c:806:4: error: case label not within a switch statement
    case 0x2 :
    ^~~~
make: *** [src/display_demo.o] Fejl 1
18:56:38 **** Auto Build of configuration Debug for project slime ****
make pre-build main-build 
a9-linaro-pre-build-step
' '
'Building file: ../src/display_demo.c'
'Invoking: ARM v7 gcc compiler'
arm-none-eabi-gcc -Wall -O0 -g3 -c -fmessage-length=0 -MT"src/display_demo.o" -mcpu=cortex-a9 -mfpu=vfpv3 -mfloat-abi=hard -I../../slime_bsp/ps7_cortexa9_0/include -MMD -MP -MF"src/display_demo.d" -MT"src/display_demo.o" -o "src/display_demo.o" "../src/display_demo.c"
In file included from ../../slime_bsp/ps7_cortexa9_0/include/xaxivdma.h:319:0,
                 from ../src/display_ctrl/display_ctrl.h:56,
                 from ../src/display_demo.c:27:
../src/display_demo.c: In function 'initializeDrivers':
../../slime_bsp/ps7_cortexa9_0/include/xstatus.h:65:41: warning: 'return' with a value, in function returning void
 #define XST_FAILURE                     1L
                                         ^
../src/display_demo.c:349:38: note: in expansion of macro 'XST_FAILURE'
     if(status != XST_SUCCESS) return XST_FAILURE;
                                      ^~~~~~~~~~~
../src/display_demo.c:343:6: note: declared here
 void initializeDrivers()
      ^~~~~~~~~~~~~~~~~
'Finished building: ../src/display_demo.c'
' '
'Building target: slime.elf'
'Invoking: ARM v7 gcc linker'
arm-none-eabi-gcc -mcpu=cortex-a9 -mfpu=vfpv3 -mfloat-abi=hard -Wl,-build-id=none -specs=Xilinx.spec -Wl,-T -Wl,../src/lscript.ld -L../../slime_bsp/ps7_cortexa9_0/lib -o "slime.elf"  ./src/timer_ps/timer_ps.o  ./src/dynclk/dynclk.o  ./src/display_ctrl/display_ctrl.o  ./src/display_demo.o   -Wl,--start-group,-lxil,-lgcc,-lc,--end-group
'Finished building target: slime.elf'
' '
'Invoking: ARM v7 Print Size'
arm-none-eabi-size slime.elf  |tee "slime.elf.size"
   text	   data	    bss	    dec	    hex	filename
  65640	   1400	24908704	24975744	17d1980	slime.elf
'Finished building: slime.elf.size'
' '
18:57:08 **** Auto Build of configuration Debug for project slime ****
make pre-build main-build 
a9-linaro-pre-build-step
' '
'Building file: ../src/display_demo.c'
'Invoking: ARM v7 gcc compiler'
arm-none-eabi-gcc -Wall -O0 -g3 -c -fmessage-length=0 -MT"src/display_demo.o" -mcpu=cortex-a9 -mfpu=vfpv3 -mfloat-abi=hard -I../../slime_bsp/ps7_cortexa9_0/include -MMD -MP -MF"src/display_demo.d" -MT"src/display_demo.o" -o "src/display_demo.o" "../src/display_demo.c"
../src/display_demo.c: In function 'moveSquare':
../src/display_demo.c:201:20: error: void value not ignored as it ought to be
     startPixelAddr = advanceJumpPlayerOne(pFrames[dispCtrl.curFrame], DEMO_STRIDE, jumpHeight);
                    ^
In file included from ../../slime_bsp/ps7_cortexa9_0/include/xaxivdma.h:319:0,
                 from ../src/display_ctrl/display_ctrl.h:56,
                 from ../src/display_demo.c:27:
../src/display_demo.c: In function 'initializeDrivers':
../../slime_bsp/ps7_cortexa9_0/include/xstatus.h:65:41: warning: 'return' with a value, in function returning void
 #define XST_FAILURE                     1L
                                         ^
../src/display_demo.c:349:38: note: in expansion of macro 'XST_FAILURE'
     if(status != XST_SUCCESS) return XST_FAILURE;
                                      ^~~~~~~~~~~
../src/display_demo.c:343:6: note: declared here
 void initializeDrivers()
      ^~~~~~~~~~~~~~~~~
make: *** [src/display_demo.o] Fejl 1
18:57:29 **** Auto Build of configuration Debug for project slime ****
make pre-build main-build 
a9-linaro-pre-build-step
' '
'Building file: ../src/display_demo.c'
'Invoking: ARM v7 gcc compiler'
arm-none-eabi-gcc -Wall -O0 -g3 -c -fmessage-length=0 -MT"src/display_demo.o" -mcpu=cortex-a9 -mfpu=vfpv3 -mfloat-abi=hard -I../../slime_bsp/ps7_cortexa9_0/include -MMD -MP -MF"src/display_demo.d" -MT"src/display_demo.o" -o "src/display_demo.o" "../src/display_demo.c"
In file included from ../../slime_bsp/ps7_cortexa9_0/include/xaxivdma.h:319:0,
                 from ../src/display_ctrl/display_ctrl.h:56,
                 from ../src/display_demo.c:27:
../src/display_demo.c: In function 'initializeDrivers':
../../slime_bsp/ps7_cortexa9_0/include/xstatus.h:65:41: warning: 'return' with a value, in function returning void
 #define XST_FAILURE                     1L
                                         ^
../src/display_demo.c:349:38: note: in expansion of macro 'XST_FAILURE'
     if(status != XST_SUCCESS) return XST_FAILURE;
                                      ^~~~~~~~~~~
../src/display_demo.c:343:6: note: declared here
 void initializeDrivers()
      ^~~~~~~~~~~~~~~~~
'Finished building: ../src/display_demo.c'
' '
'Building target: slime.elf'
'Invoking: ARM v7 gcc linker'
arm-none-eabi-gcc -mcpu=cortex-a9 -mfpu=vfpv3 -mfloat-abi=hard -Wl,-build-id=none -specs=Xilinx.spec -Wl,-T -Wl,../src/lscript.ld -L../../slime_bsp/ps7_cortexa9_0/lib -o "slime.elf"  ./src/timer_ps/timer_ps.o  ./src/dynclk/dynclk.o  ./src/display_ctrl/display_ctrl.o  ./src/display_demo.o   -Wl,--start-group,-lxil,-lgcc,-lc,--end-group
'Finished building target: slime.elf'
' '
'Invoking: ARM v7 Print Size'
arm-none-eabi-size slime.elf  |tee "slime.elf.size"
   text	   data	    bss	    dec	    hex	filename
  65640	   1400	24908704	24975744	17d1980	slime.elf
'Finished building: slime.elf.size'
' '
18:57:42 **** Incremental Build of configuration Debug for project slime ****
make pre-build main-build 
a9-linaro-pre-build-step
' '
make: Ingenting at gøre for 'main-build'.
19:02:36 **** Auto Build of configuration Debug for project slime ****
make pre-build main-build 
a9-linaro-pre-build-step
' '
'Building file: ../src/display_demo.c'
'Invoking: ARM v7 gcc compiler'
arm-none-eabi-gcc -Wall -O0 -g3 -c -fmessage-length=0 -MT"src/display_demo.o" -mcpu=cortex-a9 -mfpu=vfpv3 -mfloat-abi=hard -I../../slime_bsp/ps7_cortexa9_0/include -MMD -MP -MF"src/display_demo.d" -MT"src/display_demo.o" -o "src/display_demo.o" "../src/display_demo.c"
In file included from ../../slime_bsp/ps7_cortexa9_0/include/xaxivdma.h:319:0,
                 from ../src/display_ctrl/display_ctrl.h:56,
                 from ../src/display_demo.c:27:
../src/display_demo.c: In function 'initializeDrivers':
../../slime_bsp/ps7_cortexa9_0/include/xstatus.h:65:41: warning: 'return' with a value, in function returning void
 #define XST_FAILURE                     1L
                                         ^
../src/display_demo.c:349:38: note: in expansion of macro 'XST_FAILURE'
     if(status != XST_SUCCESS) return XST_FAILURE;
                                      ^~~~~~~~~~~
../src/display_demo.c:343:6: note: declared here
 void initializeDrivers()
      ^~~~~~~~~~~~~~~~~
'Finished building: ../src/display_demo.c'
' '
'Building target: slime.elf'
'Invoking: ARM v7 gcc linker'
arm-none-eabi-gcc -mcpu=cortex-a9 -mfpu=vfpv3 -mfloat-abi=hard -Wl,-build-id=none -specs=Xilinx.spec -Wl,-T -Wl,../src/lscript.ld -L../../slime_bsp/ps7_cortexa9_0/lib -o "slime.elf"  ./src/timer_ps/timer_ps.o  ./src/dynclk/dynclk.o  ./src/display_ctrl/display_ctrl.o  ./src/display_demo.o   -Wl,--start-group,-lxil,-lgcc,-lc,--end-group
'Finished building target: slime.elf'
' '
'Invoking: ARM v7 Print Size'
arm-none-eabi-size slime.elf  |tee "slime.elf.size"
   text	   data	    bss	    dec	    hex	filename
  65640	   1400	24908704	24975744	17d1980	slime.elf
'Finished building: slime.elf.size'
' '
19:02:40 **** Incremental Build of configuration Debug for project slime ****
make pre-build main-build 
a9-linaro-pre-build-step
' '
make: Ingenting at gøre for 'main-build'.
19:03:41 **** Auto Build of configuration Debug for project slime ****
make pre-build main-build 
a9-linaro-pre-build-step
' '
'Building file: ../src/display_demo.c'
'Invoking: ARM v7 gcc compiler'
arm-none-eabi-gcc -Wall -O0 -g3 -c -fmessage-length=0 -MT"src/display_demo.o" -mcpu=cortex-a9 -mfpu=vfpv3 -mfloat-abi=hard -I../../slime_bsp/ps7_cortexa9_0/include -MMD -MP -MF"src/display_demo.d" -MT"src/display_demo.o" -o "src/display_demo.o" "../src/display_demo.c"
In file included from ../../slime_bsp/ps7_cortexa9_0/include/xaxivdma.h:319:0,
                 from ../src/display_ctrl/display_ctrl.h:56,
                 from ../src/display_demo.c:27:
../src/display_demo.c: In function 'initializeDrivers':
../../slime_bsp/ps7_cortexa9_0/include/xstatus.h:65:41: warning: 'return' with a value, in function returning void
 #define XST_FAILURE                     1L
                                         ^
../src/display_demo.c:349:38: note: in expansion of macro 'XST_FAILURE'
     if(status != XST_SUCCESS) return XST_FAILURE;
                                      ^~~~~~~~~~~
../src/display_demo.c:343:6: note: declared here
 void initializeDrivers()
      ^~~~~~~~~~~~~~~~~
'Finished building: ../src/display_demo.c'
' '
'Building target: slime.elf'
'Invoking: ARM v7 gcc linker'
arm-none-eabi-gcc -mcpu=cortex-a9 -mfpu=vfpv3 -mfloat-abi=hard -Wl,-build-id=none -specs=Xilinx.spec -Wl,-T -Wl,../src/lscript.ld -L../../slime_bsp/ps7_cortexa9_0/lib -o "slime.elf"  ./src/timer_ps/timer_ps.o  ./src/dynclk/dynclk.o  ./src/display_ctrl/display_ctrl.o  ./src/display_demo.o   -Wl,--start-group,-lxil,-lgcc,-lc,--end-group
'Finished building target: slime.elf'
' '
'Invoking: ARM v7 Print Size'
arm-none-eabi-size slime.elf  |tee "slime.elf.size"
   text	   data	    bss	    dec	    hex	filename
  65960	   1400	24908704	24976064	17d1ac0	slime.elf
'Finished building: slime.elf.size'
' '
19:03:46 **** Incremental Build of configuration Debug for project slime ****
make pre-build main-build 
a9-linaro-pre-build-step
' '
make: Ingenting at gøre for 'main-build'.
19:07:22 **** Incremental Build of configuration Debug for project slime ****
make pre-build main-build 
a9-linaro-pre-build-step
' '
'Building file: ../src/display_demo.c'
'Invoking: ARM v7 gcc compiler'
arm-none-eabi-gcc -Wall -O0 -g3 -c -fmessage-length=0 -MT"src/display_demo.o" -mcpu=cortex-a9 -mfpu=vfpv3 -mfloat-abi=hard -I../../slime_bsp/ps7_cortexa9_0/include -MMD -MP -MF"src/display_demo.d" -MT"src/display_demo.o" -o "src/display_demo.o" "../src/display_demo.c"
In file included from ../../slime_bsp/ps7_cortexa9_0/include/xaxivdma.h:319:0,
                 from ../src/display_ctrl/display_ctrl.h:56,
                 from ../src/display_demo.c:27:
../src/display_demo.c: In function 'initializeDrivers':
../../slime_bsp/ps7_cortexa9_0/include/xstatus.h:65:41: warning: 'return' with a value, in function returning void
 #define XST_FAILURE                     1L
                                         ^
../src/display_demo.c:349:38: note: in expansion of macro 'XST_FAILURE'
     if(status != XST_SUCCESS) return XST_FAILURE;
                                      ^~~~~~~~~~~
../src/display_demo.c:343:6: note: declared here
 void initializeDrivers()
      ^~~~~~~~~~~~~~~~~
'Finished building: ../src/display_demo.c'
' '
'Building target: slime.elf'
'Invoking: ARM v7 gcc linker'
arm-none-eabi-gcc -mcpu=cortex-a9 -mfpu=vfpv3 -mfloat-abi=hard -Wl,-build-id=none -specs=Xilinx.spec -Wl,-T -Wl,../src/lscript.ld -L../../slime_bsp/ps7_cortexa9_0/lib -o "slime.elf"  ./src/timer_ps/timer_ps.o  ./src/dynclk/dynclk.o  ./src/display_ctrl/display_ctrl.o  ./src/display_demo.o   -Wl,--start-group,-lxil,-lgcc,-lc,--end-group
'Finished building target: slime.elf'
' '
'Invoking: ARM v7 Print Size'
arm-none-eabi-size slime.elf  |tee "slime.elf.size"
   text	   data	    bss	    dec	    hex	filename
  65960	   1400	24908704	24976064	17d1ac0	slime.elf
'Finished building: slime.elf.size'
' '
19:09:25 **** Auto Build of configuration Debug for project slime ****
make pre-build main-build 
a9-linaro-pre-build-step
' '
'Building file: ../src/display_demo.c'
'Invoking: ARM v7 gcc compiler'
arm-none-eabi-gcc -Wall -O0 -g3 -c -fmessage-length=0 -MT"src/display_demo.o" -mcpu=cortex-a9 -mfpu=vfpv3 -mfloat-abi=hard -I../../slime_bsp/ps7_cortexa9_0/include -MMD -MP -MF"src/display_demo.d" -MT"src/display_demo.o" -o "src/display_demo.o" "../src/display_demo.c"
In file included from ../../slime_bsp/ps7_cortexa9_0/include/xaxivdma.h:319:0,
                 from ../src/display_ctrl/display_ctrl.h:56,
                 from ../src/display_demo.c:27:
../src/display_demo.c: In function 'initializeDrivers':
../../slime_bsp/ps7_cortexa9_0/include/xstatus.h:65:41: warning: 'return' with a value, in function returning void
 #define XST_FAILURE                     1L
                                         ^
../src/display_demo.c:349:38: note: in expansion of macro 'XST_FAILURE'
     if(status != XST_SUCCESS) return XST_FAILURE;
                                      ^~~~~~~~~~~
../src/display_demo.c:343:6: note: declared here
 void initializeDrivers()
      ^~~~~~~~~~~~~~~~~
'Finished building: ../src/display_demo.c'
' '
'Building target: slime.elf'
'Invoking: ARM v7 gcc linker'
arm-none-eabi-gcc -mcpu=cortex-a9 -mfpu=vfpv3 -mfloat-abi=hard -Wl,-build-id=none -specs=Xilinx.spec -Wl,-T -Wl,../src/lscript.ld -L../../slime_bsp/ps7_cortexa9_0/lib -o "slime.elf"  ./src/timer_ps/timer_ps.o  ./src/dynclk/dynclk.o  ./src/display_ctrl/display_ctrl.o  ./src/display_demo.o   -Wl,--start-group,-lxil,-lgcc,-lc,--end-group
'Finished building target: slime.elf'
' '
'Invoking: ARM v7 Print Size'
arm-none-eabi-size slime.elf  |tee "slime.elf.size"
   text	   data	    bss	    dec	    hex	filename
  65896	   1400	24908704	24976000	17d1a80	slime.elf
'Finished building: slime.elf.size'
' '
19:09:29 **** Incremental Build of configuration Debug for project slime ****
make pre-build main-build 
a9-linaro-pre-build-step
' '
make: Ingenting at gøre for 'main-build'.
19:10:59 **** Auto Build of configuration Debug for project slime ****
make pre-build main-build 
a9-linaro-pre-build-step
' '
'Building file: ../src/display_demo.c'
'Invoking: ARM v7 gcc compiler'
arm-none-eabi-gcc -Wall -O0 -g3 -c -fmessage-length=0 -MT"src/display_demo.o" -mcpu=cortex-a9 -mfpu=vfpv3 -mfloat-abi=hard -I../../slime_bsp/ps7_cortexa9_0/include -MMD -MP -MF"src/display_demo.d" -MT"src/display_demo.o" -o "src/display_demo.o" "../src/display_demo.c"
In file included from ../../slime_bsp/ps7_cortexa9_0/include/xaxivdma.h:319:0,
                 from ../src/display_ctrl/display_ctrl.h:56,
                 from ../src/display_demo.c:27:
../src/display_demo.c: In function 'initializeDrivers':
../../slime_bsp/ps7_cortexa9_0/include/xstatus.h:65:41: warning: 'return' with a value, in function returning void
 #define XST_FAILURE                     1L
                                         ^
../src/display_demo.c:349:38: note: in expansion of macro 'XST_FAILURE'
     if(status != XST_SUCCESS) return XST_FAILURE;
                                      ^~~~~~~~~~~
../src/display_demo.c:343:6: note: declared here
 void initializeDrivers()
      ^~~~~~~~~~~~~~~~~
'Finished building: ../src/display_demo.c'
' '
'Building target: slime.elf'
'Invoking: ARM v7 gcc linker'
arm-none-eabi-gcc -mcpu=cortex-a9 -mfpu=vfpv3 -mfloat-abi=hard -Wl,-build-id=none -specs=Xilinx.spec -Wl,-T -Wl,../src/lscript.ld -L../../slime_bsp/ps7_cortexa9_0/lib -o "slime.elf"  ./src/timer_ps/timer_ps.o  ./src/dynclk/dynclk.o  ./src/display_ctrl/display_ctrl.o  ./src/display_demo.o   -Wl,--start-group,-lxil,-lgcc,-lc,--end-group
'Finished building target: slime.elf'
' '
'Invoking: ARM v7 Print Size'
arm-none-eabi-size slime.elf  |tee "slime.elf.size"
   text	   data	    bss	    dec	    hex	filename
  65896	   1400	24908704	24976000	17d1a80	slime.elf
'Finished building: slime.elf.size'
' '
19:11:20 **** Incremental Build of configuration Debug for project slime ****
make pre-build main-build 
a9-linaro-pre-build-step
' '
make: Ingenting at gøre for 'main-build'.
19:17:14 **** Incremental Build of configuration Debug for project slime ****
make pre-build main-build 
a9-linaro-pre-build-step
' '
make: Ingenting at gøre for 'main-build'.
19:19:41 **** Incremental Build of configuration Debug for project slime ****
make pre-build main-build 
a9-linaro-pre-build-step
' '
'Building file: ../src/display_demo.c'
'Invoking: ARM v7 gcc compiler'
arm-none-eabi-gcc -Wall -O0 -g3 -c -fmessage-length=0 -MT"src/display_demo.o" -mcpu=cortex-a9 -mfpu=vfpv3 -mfloat-abi=hard -I../../slime_bsp/ps7_cortexa9_0/include -MMD -MP -MF"src/display_demo.d" -MT"src/display_demo.o" -o "src/display_demo.o" "../src/display_demo.c"
In file included from ../../slime_bsp/ps7_cortexa9_0/include/xaxivdma.h:319:0,
                 from ../src/display_ctrl/display_ctrl.h:56,
                 from ../src/display_demo.c:27:
../src/display_demo.c: In function 'initializeDrivers':
../../slime_bsp/ps7_cortexa9_0/include/xstatus.h:65:41: warning: 'return' with a value, in function returning void
 #define XST_FAILURE                     1L
                                         ^
../src/display_demo.c:349:38: note: in expansion of macro 'XST_FAILURE'
     if(status != XST_SUCCESS) return XST_FAILURE;
                                      ^~~~~~~~~~~
../src/display_demo.c:343:6: note: declared here
 void initializeDrivers()
      ^~~~~~~~~~~~~~~~~
'Finished building: ../src/display_demo.c'
' '
'Building target: slime.elf'
'Invoking: ARM v7 gcc linker'
arm-none-eabi-gcc -mcpu=cortex-a9 -mfpu=vfpv3 -mfloat-abi=hard -Wl,-build-id=none -specs=Xilinx.spec -Wl,-T -Wl,../src/lscript.ld -L../../slime_bsp/ps7_cortexa9_0/lib -o "slime.elf"  ./src/timer_ps/timer_ps.o  ./src/dynclk/dynclk.o  ./src/display_ctrl/display_ctrl.o  ./src/display_demo.o   -Wl,--start-group,-lxil,-lgcc,-lc,--end-group
'Finished building target: slime.elf'
' '
'Invoking: ARM v7 Print Size'
arm-none-eabi-size slime.elf  |tee "slime.elf.size"
   text	   data	    bss	    dec	    hex	filename
  65832	   1400	24908704	24975936	17d1a40	slime.elf
'Finished building: slime.elf.size'
' '
20:29:44 **** Auto Build of configuration Debug for project slime ****
make pre-build main-build 
a9-linaro-pre-build-step
' '
'Building file: ../src/display_demo.c'
'Invoking: ARM v7 gcc compiler'
arm-none-eabi-gcc -Wall -O0 -g3 -c -fmessage-length=0 -MT"src/display_demo.o" -mcpu=cortex-a9 -mfpu=vfpv3 -mfloat-abi=hard -I../../slime_bsp/ps7_cortexa9_0/include -MMD -MP -MF"src/display_demo.d" -MT"src/display_demo.o" -o "src/display_demo.o" "../src/display_demo.c"
../src/display_demo.c:108:11: error: expected '=', ',', ';', 'asm' or '__attribute__' before 'struct'
  typredef struct Players{
           ^~~~~~
../src/display_demo.c: In function 'jumpPlayerOne':
../src/display_demo.c:241:29: error: 'struct Players' has no member named 'position'
    movePlayerOneUp(playerOne.position, pFrames[dispCtrl.curFrame], dispCtrl.vMode.width, dispCtrl.vMode.height, DEMO_STRIDE, i);
                             ^
../src/display_demo.c:250:31: error: 'struct Players' has no member named 'position'
    movePlayerOneDown(playerOne.position, pFrames[dispCtrl.curFrame], dispCtrl.vMode.width, dispCtrl.vMode.height, DEMO_STRIDE, i);
                               ^
In file included from ../../slime_bsp/ps7_cortexa9_0/include/xaxivdma.h:319:0,
                 from ../src/display_ctrl/display_ctrl.h:56,
                 from ../src/display_demo.c:27:
../src/display_demo.c: In function 'initializeDrivers':
../../slime_bsp/ps7_cortexa9_0/include/xstatus.h:65:41: warning: 'return' with a value, in function returning void
 #define XST_FAILURE                     1L
                                         ^
../src/display_demo.c:349:38: note: in expansion of macro 'XST_FAILURE'
     if(status != XST_SUCCESS) return XST_FAILURE;
                                      ^~~~~~~~~~~
../src/display_demo.c:343:6: note: declared here
 void initializeDrivers()
      ^~~~~~~~~~~~~~~~~
../src/display_demo.c: In function 'initPlayerOne':
../src/display_demo.c:458:11: error: 'struct Players' has no member named 'position'
  playerOne.position = position;
           ^
../src/display_demo.c:459:11: error: 'struct Players' has no member named 'blue'
  playerOne.blue = blue;
           ^
../src/display_demo.c:460:11: error: 'struct Players' has no member named 'red'
  playerOne.red = red;
           ^
../src/display_demo.c:461:11: error: 'struct Players' has no member named 'green'
  playerOne.green = green;
           ^
../src/display_demo.c:462:11: error: 'struct Players' has no member named 'left'
  playerOne.left = leftButton;
           ^
../src/display_demo.c:463:11: error: 'struct Players' has no member named 'right'
  playerOne.right = rightButton;
           ^
../src/display_demo.c:464:11: error: 'struct Players' has no member named 'jump'
  playerOne.jump = jumpButton;
           ^
../src/display_demo.c: In function 'initPlayerTwo':
../src/display_demo.c:470:11: error: 'struct Players' has no member named 'position'
  playerTwo.position = position;
           ^
../src/display_demo.c:471:11: error: 'struct Players' has no member named 'blue'
  playerTwo.blue = blue;
           ^
../src/display_demo.c:472:11: error: 'struct Players' has no member named 'red'
  playerTwo.red = red;
           ^
../src/display_demo.c:473:11: error: 'struct Players' has no member named 'green'
  playerTwo.green = green;
           ^
../src/display_demo.c:474:11: error: 'struct Players' has no member named 'left'
  playerTwo.left = leftButton;
           ^
../src/display_demo.c:475:11: error: 'struct Players' has no member named 'right'
  playerTwo.right = rightButton;
           ^
../src/display_demo.c:476:11: error: 'struct Players' has no member named 'jump'
  playerTwo.jump = jumpButton;
           ^
../src/display_demo.c: In function 'drawPlayers':
../src/display_demo.c:487:19: error: 'struct Players' has no member named 'position'
    frame[playerOne.position + j] = playerOne.blue;
                   ^
../src/display_demo.c:487:45: error: 'struct Players' has no member named 'blue'
[...]
../src/display_demo.c: In function 'moveSquare':
../src/display_demo.c:224:79: error: 'nextFrame' undeclared (first use in this function); did you mean 'lastFrame'?
    movePlayerOneRight(dispCtrl.framePtr[dispCtrl.curFrame], dispCtrl.framePtr[nextFrame], dispCtrl.stride, movementSpeed);
                                                                               ^~~~~~~~~
                                                                               lastFrame
../src/display_demo.c:224:79: note: each undeclared identifier is reported only once for each function it appears in
../src/display_demo.c: In function 'movePlayerOneRight':
../src/display_demo.c:585:72: error: 'nextFrame' undeclared (first use in this function); did you mean 'nextFrames'?
  drawNextFrame(dispCtrl.framePtr[dispCtrl.curFrame], dispCtrl.framePtr[nextFrame], dispCtrl.stride, dispCtrl.vMode.width, dispCtrl.vMode.height);
                                                                        ^~~~~~~~~
                                                                        nextFrames
../src/display_demo.c: In function 'jumpPlayerOne':
../src/display_demo.c:665:74: error: 'nextFrame' undeclared (first use in this function); did you mean 'lastFrame'?
    drawNextFrame(dispCtrl.framePtr[dispCtrl.curFrame], dispCtrl.framePtr[nextFrame], dispCtrl.stride, dispCtrl.vMode.width, dispCtrl.vMode.height);
                                                                          ^~~~~~~~~
                                                                          lastFrame
make: *** [src/display_demo.o] Fejl 1
16:40:23 **** Auto Build of configuration Debug for project slime ****
make pre-build main-build 
a9-linaro-pre-build-step
' '
'Building file: ../src/display_demo.c'
'Invoking: ARM v7 gcc compiler'
arm-none-eabi-gcc -Wall -O0 -g3 -c -fmessage-length=0 -MT"src/display_demo.o" -mcpu=cortex-a9 -mfpu=vfpv3 -mfloat-abi=hard -I../../slime_bsp/ps7_cortexa9_0/include -MMD -MP -MF"src/display_demo.d" -MT"src/display_demo.o" -o "src/display_demo.o" "../src/display_demo.c"
../src/display_demo.c: In function 'moveSquare':
../src/display_demo.c:224:79: error: 'nextFrame' undeclared (first use in this function); did you mean 'lastFrame'?
    movePlayerOneRight(dispCtrl.framePtr[dispCtrl.curFrame], dispCtrl.framePtr[nextFrame], dispCtrl.stride, movementSpeed);
                                                                               ^~~~~~~~~
                                                                               lastFrame
../src/display_demo.c:224:79: note: each undeclared identifier is reported only once for each function it appears in
../src/display_demo.c: In function 'jumpPlayerOne':
../src/display_demo.c:665:74: error: 'nextFrame' undeclared (first use in this function); did you mean 'lastFrame'?
    drawNextFrame(dispCtrl.framePtr[dispCtrl.curFrame], dispCtrl.framePtr[nextFrame], dispCtrl.stride, dispCtrl.vMode.width, dispCtrl.vMode.height);
                                                                          ^~~~~~~~~
                                                                          lastFrame
make: *** [src/display_demo.o] Fejl 1
16:40:31 **** Auto Build of configuration Debug for project slime ****
make pre-build main-build 
a9-linaro-pre-build-step
' '
'Building file: ../src/display_demo.c'
'Invoking: ARM v7 gcc compiler'
arm-none-eabi-gcc -Wall -O0 -g3 -c -fmessage-length=0 -MT"src/display_demo.o" -mcpu=cortex-a9 -mfpu=vfpv3 -mfloat-abi=hard -I../../slime_bsp/ps7_cortexa9_0/include -MMD -MP -MF"src/display_demo.d" -MT"src/display_demo.o" -o "src/display_demo.o" "../src/display_demo.c"
../src/display_demo.c: In function 'moveSquare':
../src/display_demo.c:224:79: error: 'nextFrame' undeclared (first use in this function); did you mean 'lastFrame'?
    movePlayerOneRight(dispCtrl.framePtr[dispCtrl.curFrame], dispCtrl.framePtr[nextFrame], dispCtrl.stride, movementSpeed);
                                                                               ^~~~~~~~~
                                                                               lastFrame
../src/display_demo.c:224:79: note: each undeclared identifier is reported only once for each function it appears in
make: *** [src/display_demo.o] Fejl 1
16:40:38 **** Auto Build of configuration Debug for project slime ****
make pre-build main-build 
a9-linaro-pre-build-step
' '
'Building file: ../src/display_demo.c'
'Invoking: ARM v7 gcc compiler'
arm-none-eabi-gcc -Wall -O0 -g3 -c -fmessage-length=0 -MT"src/display_demo.o" -mcpu=cortex-a9 -mfpu=vfpv3 -mfloat-abi=hard -I../../slime_bsp/ps7_cortexa9_0/include -MMD -MP -MF"src/display_demo.d" -MT"src/display_demo.o" -o "src/display_demo.o" "../src/display_demo.c"
../src/display_demo.c: In function 'moveSquare':
../src/display_demo.c:235:74: error: 'nextFrame' undeclared (first use in this function); did you mean 'lastFrame'?
    drawNextFrame(dispCtrl.framePtr[dispCtrl.curFrame], dispCtrl.framePtr[nextFrame], dispCtrl.stride, dispCtrl.vMode.width, dispCtrl.vMode.height);
                                                                          ^~~~~~~~~
                                                                          lastFrame
../src/display_demo.c:235:74: note: each undeclared identifier is reported only once for each function it appears in
make: *** [src/display_demo.o] Fejl 1
16:40:45 **** Auto Build of configuration Debug for project slime ****
make pre-build main-build 
a9-linaro-pre-build-step
' '
'Building file: ../src/display_demo.c'
'Invoking: ARM v7 gcc compiler'
arm-none-eabi-gcc -Wall -O0 -g3 -c -fmessage-length=0 -MT"src/display_demo.o" -mcpu=cortex-a9 -mfpu=vfpv3 -mfloat-abi=hard -I../../slime_bsp/ps7_cortexa9_0/include -MMD -MP -MF"src/display_demo.d" -MT"src/display_demo.o" -o "src/display_demo.o" "../src/display_demo.c"
../src/display_demo.c: In function 'moveSquare':
../src/display_demo.c:235:74: error: 'nextnextFrameNumberFrame' undeclared (first use in this function); did you mean 'nextFrameNumber'?
    drawNextFrame(dispCtrl.framePtr[dispCtrl.curFrame], dispCtrl.framePtr[nextnextFrameNumberFrame], dispCtrl.stride, dispCtrl.vMode.width, dispCtrl.vMode.height);
                                                                          ^~~~~~~~~~~~~~~~~~~~~~~~
                                                                          nextFrameNumber
../src/display_demo.c:235:74: note: each undeclared identifier is reported only once for each function it appears in
../src/display_demo.c:248:78: error: 'nextFrame' undeclared (first use in this function); did you mean 'lastFrame'?
    movePlayerOneLeft(dispCtrl.framePtr[dispCtrl.curFrame], dispCtrl.framePtr[nextFrame], dispCtrl.stride, movementSpeed);
                                                                              ^~~~~~~~~
                                                                              lastFrame
make: *** [src/display_demo.o] Fejl 1
16:40:53 **** Auto Build of configuration Debug for project slime ****
make pre-build main-build 
a9-linaro-pre-build-step
' '
'Building file: ../src/display_demo.c'
'Invoking: ARM v7 gcc compiler'
arm-none-eabi-gcc -Wall -O0 -g3 -c -fmessage-length=0 -MT"src/display_demo.o" -mcpu=cortex-a9 -mfpu=vfpv3 -mfloat-abi=hard -I../../slime_bsp/ps7_cortexa9_0/include -MMD -MP -MF"src/display_demo.d" -MT"src/display_demo.o" -o "src/display_demo.o" "../src/display_demo.c"
../src/display_demo.c: In function 'moveSquare':
../src/display_demo.c:235:74: error: 'nextnextFrameNumber' undeclared (first use in this function); did you mean 'nextFrameNumber'?
    drawNextFrame(dispCtrl.framePtr[dispCtrl.curFrame], dispCtrl.framePtr[nextnextFrameNumber], dispCtrl.stride, dispCtrl.vMode.width, dispCtrl.vMode.height);
                                                                          ^~~~~~~~~~~~~~~~~~~
                                                                          nextFrameNumber
../src/display_demo.c:235:74: note: each undeclared identifier is reported only once for each function it appears in
../src/display_demo.c:248:78: error: 'nextFrame' undeclared (first use in this function); did you mean 'lastFrame'?
    movePlayerOneLeft(dispCtrl.framePtr[dispCtrl.curFrame], dispCtrl.framePtr[nextFrame], dispCtrl.stride, movementSpeed);
                                                                              ^~~~~~~~~
                                                                              lastFrame
make: *** [src/display_demo.o] Fejl 1
16:41:00 **** Auto Build of configuration Debug for project slime ****
make pre-build main-build 
a9-linaro-pre-build-step
' '
'Building file: ../src/display_demo.c'
'Invoking: ARM v7 gcc compiler'
arm-none-eabi-gcc -Wall -O0 -g3 -c -fmessage-length=0 -MT"src/display_demo.o" -mcpu=cortex-a9 -mfpu=vfpv3 -mfloat-abi=hard -I../../slime_bsp/ps7_cortexa9_0/include -MMD -MP -MF"src/display_demo.d" -MT"src/display_demo.o" -o "src/display_demo.o" "../src/display_demo.c"
../src/display_demo.c: In function 'moveSquare':
../src/display_demo.c:252:79: error: 'nextFrame' undeclared (first use in this function); did you mean 'lastFrame'?
    movePlayerOneRight(dispCtrl.framePtr[dispCtrl.curFrame], dispCtrl.framePtr[nextFrame], dispCtrl.stride, movementSpeed);
                                                                               ^~~~~~~~~
                                                                               lastFrame
../src/display_demo.c:252:79: note: each undeclared identifier is reported only once for each function it appears in
make: *** [src/display_demo.o] Fejl 1
16:41:05 **** Auto Build of configuration Debug for project slime ****
make pre-build main-build 
a9-linaro-pre-build-step
' '
'Building file: ../src/display_demo.c'
'Invoking: ARM v7 gcc compiler'
arm-none-eabi-gcc -Wall -O0 -g3 -c -fmessage-length=0 -MT"src/display_demo.o" -mcpu=cortex-a9 -mfpu=vfpv3 -mfloat-abi=hard -I../../slime_bsp/ps7_cortexa9_0/include -MMD -MP -MF"src/display_demo.d" -MT"src/display_demo.o" -o "src/display_demo.o" "../src/display_demo.c"
../src/display_demo.c: In function 'moveSquare':
../src/display_demo.c:265:78: error: 'nextFrame' undeclared (first use in this function); did you mean 'lastFrame'?
    movePlayerTwoLeft(dispCtrl.framePtr[dispCtrl.curFrame], dispCtrl.framePtr[nextFrame], dispCtrl.stride, movementSpeed);
                                                                              ^~~~~~~~~
                                                                              lastFrame
../src/display_demo.c:265:78: note: each undeclared identifier is reported only once for each function it appears in
make: *** [src/display_demo.o] Fejl 1
16:41:11 **** Auto Build of configuration Debug for project slime ****
make pre-build main-build 
a9-linaro-pre-build-step
' '
'Building file: ../src/display_demo.c'
'Invoking: ARM v7 gcc compiler'
arm-none-eabi-gcc -Wall -O0 -g3 -c -fmessage-length=0 -MT"src/display_demo.o" -mcpu=cortex-a9 -mfpu=vfpv3 -mfloat-abi=hard -I../../slime_bsp/ps7_cortexa9_0/include -MMD -MP -MF"src/display_demo.d" -MT"src/display_demo.o" -o "src/display_demo.o" "../src/display_demo.c"
'Finished building: ../src/display_demo.c'
' '
'Building target: slime.elf'
'Invoking: ARM v7 gcc linker'
arm-none-eabi-gcc -mcpu=cortex-a9 -mfpu=vfpv3 -mfloat-abi=hard -Wl,-build-id=none -specs=Xilinx.spec -Wl,-T -Wl,../src/lscript.ld -L../../slime_bsp/ps7_cortexa9_0/lib -o "slime.elf"  ./src/timer_ps/timer_ps.o  ./src/dynclk/dynclk.o  ./src/display_ctrl/display_ctrl.o  ./src/display_demo.o   -Wl,--start-group,-lxil,-lgcc,-lc,--end-group
'Finished building target: slime.elf'
' '
'Invoking: ARM v7 Print Size'
arm-none-eabi-size slime.elf  |tee "slime.elf.size"
   text	   data	    bss	    dec	    hex	filename
  63804	   1408	24908784	24973996	17d12ac	slime.elf
'Finished building: slime.elf.size'
' '
16:41:17 **** Incremental Build of configuration Debug for project slime ****
make pre-build main-build 
a9-linaro-pre-build-step
' '
make: Ingenting at gøre for 'main-build'.
16:42:44 **** Auto Build of configuration Debug for project slime ****
make pre-build main-build 
a9-linaro-pre-build-step
' '
'Building file: ../src/display_demo.c'
'Invoking: ARM v7 gcc compiler'
arm-none-eabi-gcc -Wall -O0 -g3 -c -fmessage-length=0 -MT"src/display_demo.o" -mcpu=cortex-a9 -mfpu=vfpv3 -mfloat-abi=hard -I../../slime_bsp/ps7_cortexa9_0/include -MMD -MP -MF"src/display_demo.d" -MT"src/display_demo.o" -o "src/display_demo.o" "../src/display_demo.c"
'Finished building: ../src/display_demo.c'
' '
'Building target: slime.elf'
'Invoking: ARM v7 gcc linker'
arm-none-eabi-gcc -mcpu=cortex-a9 -mfpu=vfpv3 -mfloat-abi=hard -Wl,-build-id=none -specs=Xilinx.spec -Wl,-T -Wl,../src/lscript.ld -L../../slime_bsp/ps7_cortexa9_0/lib -o "slime.elf"  ./src/timer_ps/timer_ps.o  ./src/dynclk/dynclk.o  ./src/display_ctrl/display_ctrl.o  ./src/display_demo.o   -Wl,--start-group,-lxil,-lgcc,-lc,--end-group
'Finished building target: slime.elf'
' '
'Invoking: ARM v7 Print Size'
arm-none-eabi-size slime.elf  |tee "slime.elf.size"
   text	   data	    bss	    dec	    hex	filename
  63868	   1408	24908784	24974060	17d12ec	slime.elf
'Finished building: slime.elf.size'
' '
16:42:49 **** Incremental Build of configuration Debug for project slime ****
make pre-build main-build 
a9-linaro-pre-build-step
' '
make: Ingenting at gøre for 'main-build'.
16:47:53 **** Auto Build of configuration Debug for project slime ****
make pre-build main-build 
a9-linaro-pre-build-step
' '
'Building file: ../src/display_demo.c'
'Invoking: ARM v7 gcc compiler'
arm-none-eabi-gcc -Wall -O0 -g3 -c -fmessage-length=0 -MT"src/display_demo.o" -mcpu=cortex-a9 -mfpu=vfpv3 -mfloat-abi=hard -I../../slime_bsp/ps7_cortexa9_0/include -MMD -MP -MF"src/display_demo.d" -MT"src/display_demo.o" -o "src/display_demo.o" "../src/display_demo.c"
'Finished building: ../src/display_demo.c'
' '
'Building target: slime.elf'
'Invoking: ARM v7 gcc linker'
arm-none-eabi-gcc -mcpu=cortex-a9 -mfpu=vfpv3 -mfloat-abi=hard -Wl,-build-id=none -specs=Xilinx.spec -Wl,-T -Wl,../src/lscript.ld -L../../slime_bsp/ps7_cortexa9_0/lib -o "slime.elf"  ./src/timer_ps/timer_ps.o  ./src/dynclk/dynclk.o  ./src/display_ctrl/display_ctrl.o  ./src/display_demo.o   -Wl,--start-group,-lxil,-lgcc,-lc,--end-group
'Finished building target: slime.elf'
' '
'Invoking: ARM v7 Print Size'
arm-none-eabi-size slime.elf  |tee "slime.elf.size"
   text	   data	    bss	    dec	    hex	filename
  64188	   1408	24908784	24974380	17d142c	slime.elf
'Finished building: slime.elf.size'
' '
16:47:57 **** Incremental Build of configuration Debug for project slime ****
make pre-build main-build 
a9-linaro-pre-build-step
' '
make: Ingenting at gøre for 'main-build'.
16:48:08 **** Auto Build of configuration Debug for project slime ****
make pre-build main-build 
a9-linaro-pre-build-step
' '
'Building file: ../src/display_demo.c'
'Invoking: ARM v7 gcc compiler'
arm-none-eabi-gcc -Wall -O0 -g3 -c -fmessage-length=0 -MT"src/display_demo.o" -mcpu=cortex-a9 -mfpu=vfpv3 -mfloat-abi=hard -I../../slime_bsp/ps7_cortexa9_0/include -MMD -MP -MF"src/display_demo.d" -MT"src/display_demo.o" -o "src/display_demo.o" "../src/display_demo.c"
'Finished building: ../src/display_demo.c'
' '
'Building target: slime.elf'
'Invoking: ARM v7 gcc linker'
arm-none-eabi-gcc -mcpu=cortex-a9 -mfpu=vfpv3 -mfloat-abi=hard -Wl,-build-id=none -specs=Xilinx.spec -Wl,-T -Wl,../src/lscript.ld -L../../slime_bsp/ps7_cortexa9_0/lib -o "slime.elf"  ./src/timer_ps/timer_ps.o  ./src/dynclk/dynclk.o  ./src/display_ctrl/display_ctrl.o  ./src/display_demo.o   -Wl,--start-group,-lxil,-lgcc,-lc,--end-group
'Finished building target: slime.elf'
' '
'Invoking: ARM v7 Print Size'
arm-none-eabi-size slime.elf  |tee "slime.elf.size"
   text	   data	    bss	    dec	    hex	filename
  64124	   1408	24908784	24974316	17d13ec	slime.elf
'Finished building: slime.elf.size'
' '
16:48:16 **** Incremental Build of configuration Debug for project slime ****
make pre-build main-build 
a9-linaro-pre-build-step
' '
make: Ingenting at gøre for 'main-build'.
16:49:14 **** Auto Build of configuration Debug for project slime ****
make pre-build main-build 
a9-linaro-pre-build-step
' '
'Building file: ../src/display_demo.c'
'Invoking: ARM v7 gcc compiler'
arm-none-eabi-gcc -Wall -O0 -g3 -c -fmessage-length=0 -MT"src/display_demo.o" -mcpu=cortex-a9 -mfpu=vfpv3 -mfloat-abi=hard -I../../slime_bsp/ps7_cortexa9_0/include -MMD -MP -MF"src/display_demo.d" -MT"src/display_demo.o" -o "src/display_demo.o" "../src/display_demo.c"
../src/display_demo.c: In function 'jumpPlayerTwo':
../src/display_demo.c:749:4: error: 'nextFrameNumber' undeclared (first use in this function); did you mean 'nextFrame'?
    nextFrameNumber = dispCtrl.curFrame + 1;
    ^~~~~~~~~~~~~~~
    nextFrame
../src/display_demo.c:749:4: note: each undeclared identifier is reported only once for each function it appears in
../src/display_demo.c: In function 'getNextFrame':
../src/display_demo.c:783:6: error: 'nextFrameNumber' undeclared (first use in this function); did you mean 'nextFrame'?
  if (nextFrameNumber >= DISPLAY_NUM_FRAMES-1)
      ^~~~~~~~~~~~~~~
      nextFrame
make: *** [src/display_demo.o] Fejl 1
16:49:51 **** Auto Build of configuration Debug for project slime ****
make pre-build main-build 
a9-linaro-pre-build-step
' '
'Building file: ../src/display_demo.c'
'Invoking: ARM v7 gcc compiler'
arm-none-eabi-gcc -Wall -O0 -g3 -c -fmessage-length=0 -MT"src/display_demo.o" -mcpu=cortex-a9 -mfpu=vfpv3 -mfloat-abi=hard -I../../slime_bsp/ps7_cortexa9_0/include -MMD -MP -MF"src/display_demo.d" -MT"src/display_demo.o" -o "src/display_demo.o" "../src/display_demo.c"
'Finished building: ../src/display_demo.c'
' '
'Building target: slime.elf'
'Invoking: ARM v7 gcc linker'
arm-none-eabi-gcc -mcpu=cortex-a9 -mfpu=vfpv3 -mfloat-abi=hard -Wl,-build-id=none -specs=Xilinx.spec -Wl,-T -Wl,../src/lscript.ld -L../../slime_bsp/ps7_cortexa9_0/lib -o "slime.elf"  ./src/timer_ps/timer_ps.o  ./src/dynclk/dynclk.o  ./src/display_ctrl/display_ctrl.o  ./src/display_demo.o   -Wl,--start-group,-lxil,-lgcc,-lc,--end-group
'Finished building target: slime.elf'
' '
'Invoking: ARM v7 Print Size'
arm-none-eabi-size slime.elf  |tee "slime.elf.size"
   text	   data	    bss	    dec	    hex	filename
  63868	   1408	24908784	24974060	17d12ec	slime.elf
'Finished building: slime.elf.size'
' '
16:49:56 **** Incremental Build of configuration Debug for project slime ****
make pre-build main-build 
a9-linaro-pre-build-step
' '
make: Ingenting at gøre for 'main-build'.
16:53:10 **** Auto Build of configuration Debug for project slime ****
make pre-build main-build 
a9-linaro-pre-build-step
' '
'Building file: ../src/display_demo.c'
'Invoking: ARM v7 gcc compiler'
arm-none-eabi-gcc -Wall -O0 -g3 -c -fmessage-length=0 -MT"src/display_demo.o" -mcpu=cortex-a9 -mfpu=vfpv3 -mfloat-abi=hard -I../../slime_bsp/ps7_cortexa9_0/include -MMD -MP -MF"src/display_demo.d" -MT"src/display_demo.o" -o "src/display_demo.o" "../src/display_demo.c"
'Finished building: ../src/display_demo.c'
' '
'Building target: slime.elf'
'Invoking: ARM v7 gcc linker'
arm-none-eabi-gcc -mcpu=cortex-a9 -mfpu=vfpv3 -mfloat-abi=hard -Wl,-build-id=none -specs=Xilinx.spec -Wl,-T -Wl,../src/lscript.ld -L../../slime_bsp/ps7_cortexa9_0/lib -o "slime.elf"  ./src/timer_ps/timer_ps.o  ./src/dynclk/dynclk.o  ./src/display_ctrl/display_ctrl.o  ./src/display_demo.o   -Wl,--start-group,-lxil,-lgcc,-lc,--end-group
'Finished building target: slime.elf'
' '
'Invoking: ARM v7 Print Size'
arm-none-eabi-size slime.elf  |tee "slime.elf.size"
   text	   data	    bss	    dec	    hex	filename
  64508	   1408	24908784	24974700	17d156c	slime.elf
'Finished building: slime.elf.size'
' '
16:53:14 **** Incremental Build of configuration Debug for project slime ****
make pre-build main-build 
a9-linaro-pre-build-step
' '
make: Ingenting at gøre for 'main-build'.
